Archive member included to satisfy reference by file (symbol)

/home/daniel-oliveira/.pico-sdk/toolchain/13_3_Rel1/bin/../lib/gcc/arm-none-eabi/13.3.1/thumb/v6-m/nofp/libgcc.a(_dvmd_tls.o)
                              CMakeFiles/user_input.dir/home/daniel-oliveira/.pico-sdk/sdk/2.1.0/src/rp2_common/pico_divider/divider_hardware.S.o (__aeabi_idiv0)
/home/daniel-oliveira/.pico-sdk/toolchain/13_3_Rel1/bin/../lib/gcc/arm-none-eabi/13.3.1/../../../../arm-none-eabi/lib/thumb/v6-m/nofp/libg.a(libc_a-strlen-stub.o)
                              CMakeFiles/user_input.dir/home/daniel-oliveira/.pico-sdk/sdk/2.1.0/src/rp2_common/pico_stdio/stdio.c.o (strlen)
/home/daniel-oliveira/.pico-sdk/toolchain/13_3_Rel1/bin/../lib/gcc/arm-none-eabi/13.3.1/../../../../arm-none-eabi/lib/thumb/v6-m/nofp/libg.a(libc_a-malloc.o)
                              CMakeFiles/user_input.dir/home/daniel-oliveira/.pico-sdk/sdk/2.1.0/src/rp2_common/pico_malloc/malloc.c.o (malloc)
/home/daniel-oliveira/.pico-sdk/toolchain/13_3_Rel1/bin/../lib/gcc/arm-none-eabi/13.3.1/../../../../arm-none-eabi/lib/thumb/v6-m/nofp/libg.a(libc_a-mallocr.o)
                              /home/daniel-oliveira/.pico-sdk/toolchain/13_3_Rel1/bin/../lib/gcc/arm-none-eabi/13.3.1/../../../../arm-none-eabi/lib/thumb/v6-m/nofp/libg.a(libc_a-malloc.o) (_malloc_r)
/home/daniel-oliveira/.pico-sdk/toolchain/13_3_Rel1/bin/../lib/gcc/arm-none-eabi/13.3.1/../../../../arm-none-eabi/lib/thumb/v6-m/nofp/libg.a(libc_a-lcltime_r.o)
                              CMakeFiles/user_input.dir/home/daniel-oliveira/.pico-sdk/sdk/2.1.0/src/common/pico_util/datetime.c.o (localtime_r)
/home/daniel-oliveira/.pico-sdk/toolchain/13_3_Rel1/bin/../lib/gcc/arm-none-eabi/13.3.1/../../../../arm-none-eabi/lib/thumb/v6-m/nofp/libg.a(libc_a-sbrkr.o)
                              /home/daniel-oliveira/.pico-sdk/toolchain/13_3_Rel1/bin/../lib/gcc/arm-none-eabi/13.3.1/../../../../arm-none-eabi/lib/thumb/v6-m/nofp/libg.a(libc_a-mallocr.o) (_sbrk_r)
/home/daniel-oliveira/.pico-sdk/toolchain/13_3_Rel1/bin/../lib/gcc/arm-none-eabi/13.3.1/../../../../arm-none-eabi/lib/thumb/v6-m/nofp/libg.a(libc_a-mktime.o)
                              CMakeFiles/user_input.dir/home/daniel-oliveira/.pico-sdk/sdk/2.1.0/src/common/pico_util/datetime.c.o (mktime)
/home/daniel-oliveira/.pico-sdk/toolchain/13_3_Rel1/bin/../lib/gcc/arm-none-eabi/13.3.1/../../../../arm-none-eabi/lib/thumb/v6-m/nofp/libg.a(libc_a-month_lengths.o)
                              /home/daniel-oliveira/.pico-sdk/toolchain/13_3_Rel1/bin/../lib/gcc/arm-none-eabi/13.3.1/../../../../arm-none-eabi/lib/thumb/v6-m/nofp/libg.a(libc_a-lcltime_r.o) (__month_lengths)
/home/daniel-oliveira/.pico-sdk/toolchain/13_3_Rel1/bin/../lib/gcc/arm-none-eabi/13.3.1/../../../../arm-none-eabi/lib/thumb/v6-m/nofp/libg.a(libc_a-time.o)
                              CMakeFiles/user_input.dir/user_input.c.o (time)
/home/daniel-oliveira/.pico-sdk/toolchain/13_3_Rel1/bin/../lib/gcc/arm-none-eabi/13.3.1/../../../../arm-none-eabi/lib/thumb/v6-m/nofp/libg.a(libc_a-tzcalc_limits.o)
                              /home/daniel-oliveira/.pico-sdk/toolchain/13_3_Rel1/bin/../lib/gcc/arm-none-eabi/13.3.1/../../../../arm-none-eabi/lib/thumb/v6-m/nofp/libg.a(libc_a-lcltime_r.o) (__tzcalc_limits)
/home/daniel-oliveira/.pico-sdk/toolchain/13_3_Rel1/bin/../lib/gcc/arm-none-eabi/13.3.1/../../../../arm-none-eabi/lib/thumb/v6-m/nofp/libg.a(libc_a-tzlock.o)
                              /home/daniel-oliveira/.pico-sdk/toolchain/13_3_Rel1/bin/../lib/gcc/arm-none-eabi/13.3.1/../../../../arm-none-eabi/lib/thumb/v6-m/nofp/libg.a(libc_a-lcltime_r.o) (__tz_lock)
/home/daniel-oliveira/.pico-sdk/toolchain/13_3_Rel1/bin/../lib/gcc/arm-none-eabi/13.3.1/../../../../arm-none-eabi/lib/thumb/v6-m/nofp/libg.a(libc_a-tzset.o)
                              /home/daniel-oliveira/.pico-sdk/toolchain/13_3_Rel1/bin/../lib/gcc/arm-none-eabi/13.3.1/../../../../arm-none-eabi/lib/thumb/v6-m/nofp/libg.a(libc_a-lcltime_r.o) (_tzset_unlocked)
/home/daniel-oliveira/.pico-sdk/toolchain/13_3_Rel1/bin/../lib/gcc/arm-none-eabi/13.3.1/../../../../arm-none-eabi/lib/thumb/v6-m/nofp/libg.a(libc_a-mlock.o)
                              /home/daniel-oliveira/.pico-sdk/toolchain/13_3_Rel1/bin/../lib/gcc/arm-none-eabi/13.3.1/../../../../arm-none-eabi/lib/thumb/v6-m/nofp/libg.a(libc_a-mallocr.o) (__malloc_lock)
/home/daniel-oliveira/.pico-sdk/toolchain/13_3_Rel1/bin/../lib/gcc/arm-none-eabi/13.3.1/../../../../arm-none-eabi/lib/thumb/v6-m/nofp/libg.a(libc_a-calloc.o)
                              CMakeFiles/user_input.dir/home/daniel-oliveira/.pico-sdk/sdk/2.1.0/src/rp2_common/pico_malloc/malloc.c.o (calloc)
/home/daniel-oliveira/.pico-sdk/toolchain/13_3_Rel1/bin/../lib/gcc/arm-none-eabi/13.3.1/../../../../arm-none-eabi/lib/thumb/v6-m/nofp/libg.a(libc_a-rand.o)
                              CMakeFiles/user_input.dir/user_input.c.o (srand)
[...]
Memory Configuration

Name             Origin             Length             Attributes
FLASH            0x10000000         0x00200000         xr
RAM              0x20000000         0x00040000         xrw
SCRATCH_X        0x20040000         0x00001000         xrw
SCRATCH_Y        0x20041000         0x00001000         xrw
*default*        0x00000000         0xffffffff

Linker script and memory map

LOAD /home/daniel-oliveira/.pico-sdk/toolchain/13_3_Rel1/bin/../lib/gcc/arm-none-eabi/13.3.1/thumb/v6-m/nofp/crti.o
LOAD /home/daniel-oliveira/.pico-sdk/toolchain/13_3_Rel1/bin/../lib/gcc/arm-none-eabi/13.3.1/thumb/v6-m/nofp/crtbegin.o
LOAD /home/daniel-oliveira/.pico-sdk/toolchain/13_3_Rel1/bin/../lib/gcc/arm-none-eabi/13.3.1/../../../../arm-none-eabi/lib/thumb/v6-m/nofp/crt0.o

.flash_begin    0x10000000        0x0
                0x10000000                        __flash_binary_start = .

.boot2          0x10000000      0x100
                0x10000000                        __boot2_start__ = .
 *(.boot2)
 .boot2         0x10000000      0x100 pico-sdk/src/rp2040/boot_stage2/CMakeFiles/bs2_default_library.dir/./bs2_default_padded_checksummed.S.o
                0x10000100                        __boot2_end__ = .
                0x00000001                        ASSERT (((__boot2_end__ - __boot2_start__) == 0x100), ERROR: Pico second stage bootloader must be 256 bytes in size)

.text           0x10000100     0x7fd4
                0x10000100                        __logical_binary_start = .
 *(.vectors)
 .vectors       0x10000100       0xd4 CMakeFiles/user_input.dir/home/daniel-oliveira/.pico-sdk/sdk/2.1.0/src/rp2_common/pico_crt0/crt0.S.o
                0x10000100                __vectors
                0x10000100                __VECTOR_TABLE
                0x100001c0                isr_invalid
                0x100001c0                __default_isrs_start
                0x100001c2                isr_nmi
                0x100001c4                isr_hardfault
                0x100001c6                isr_svcall
                0x100001c8                isr_pendsv
                0x100001ca                isr_systick
                0x100001cc                isr_irq30
                0x100001cc                __unhandled_user_irq
                0x100001cc                isr_irq13
                0x100001cc                isr_irq27
                0x100001cc                isr_irq31
                0x100001cc                isr_irq5
                0x100001cc                isr_irq11
                0x100001cc                isr_irq23
                0x100001cc                isr_irq18
                0x100001cc                isr_irq28
                0x100001cc                isr_irq19
                0x100001cc                isr_irq0
                0x100001cc                isr_irq6
                0x100001cc                isr_irq22
                0x100001cc                isr_irq17
                0x100001cc                isr_irq14
                0x100001cc                isr_irq2
                0x100001cc                isr_irq10
                0x100001cc                isr_irq8
                0x100001cc                isr_irq24
                0x100001cc                isr_irq1
                0x100001cc                isr_irq7
                0x100001cc                isr_irq21
                0x100001cc                isr_irq20
                0x100001cc                isr_irq15
                0x100001cc                isr_irq25
                0x100001cc                isr_irq4
                0x100001cc                isr_irq16
                0x100001cc                isr_irq29
                0x100001cc                isr_irq26
                0x100001cc                __default_isrs_end
                0x100001cc                isr_irq3
                0x100001cc                isr_irq12
                0x100001cc                isr_irq9
                0x100001d2                unhandled_user_irq_num_in_r0
 *(.binary_info_header)
 .binary_info_header
                0x100001d4       0x14 CMakeFiles/user_input.dir/home/daniel-oliveira/.pico-sdk/sdk/2.1.0/src/rp2_common/pico_crt0/crt0.S.o
                0x100001e8                        __binary_info_header_end = .
 *(.embedded_block)
                0x100001e8                        __embedded_block_end = .
 *(.reset)
 .reset         0x100001e8       0x9c CMakeFiles/user_input.dir/home/daniel-oliveira/.pico-sdk/sdk/2.1.0/src/rp2_common/pico_crt0/crt0.S.o
                0x100001e8                _entry_point
 *(.init)
 .init          0x10000284        0x4 /home/daniel-oliveira/.pico-sdk/toolchain/13_3_Rel1/bin/../lib/gcc/arm-none-eabi/13.3.1/thumb/v6-m/nofp/crti.o
                0x10000284                _init
 *(EXCLUDE_FILE(*libm.a: *libc.a:*lib_a-mem*.o *libgcc.a:) .text*)
 .text.register_tm_clones
                0x10000288       0x28 /home/daniel-oliveira/.pico-sdk/toolchain/13_3_Rel1/bin/../lib/gcc/arm-none-eabi/13.3.1/thumb/v6-m/nofp/crtbegin.o
 .text.frame_dummy
                0x100002b0       0x24 /home/daniel-oliveira/.pico-sdk/toolchain/13_3_Rel1/bin/../lib/gcc/arm-none-eabi/13.3.1/thumb/v6-m/nofp/crtbegin.o
 .text.matrix_win
                0x100002d4      0x164 CMakeFiles/user_input.dir/user_input.c.o
                0x100002d4                matrix_win
 .text.matrix_lose
                0x10000438      0x150 CMakeFiles/user_input.dir/user_input.c.o
                0x10000438                matrix_lose
 .text.matrix_tutorial
                0x10000588      0x270 CMakeFiles/user_input.dir/user_input.c.o
                0x10000588                matrix_tutorial
 .text.startup.main
                0x100007f8      0x420 CMakeFiles/user_input.dir/user_input.c.o
                0x100007f8                main
 .text.calculate_render_area_buffer_length
                0x10000c18       0x18 CMakeFiles/user_input.dir/inc/ssd1306_i2c.c.o
                0x10000c18                calculate_render_area_buffer_length
 .text.ssd1306_init
                0x10000c30       0x58 CMakeFiles/user_input.dir/inc/ssd1306_i2c.c.o
                0x10000c30                ssd1306_init
 .text.render_on_display
                0x10000c88       0x98 CMakeFiles/user_input.dir/inc/ssd1306_i2c.c.o
                0x10000c88                render_on_display
 .text.ssd1306_draw_string
                0x10000d20       0xd8 CMakeFiles/user_input.dir/inc/ssd1306_i2c.c.o
                0x10000d20                ssd1306_draw_string
 .text.ws2818b_program_init
                0x10000df8       0xdc CMakeFiles/user_input.dir/matrix_led.c.o
                0x10000df8                ws2818b_program_init
 .text.npInit   0x10000ed4       0x80 CMakeFiles/user_input.dir/matrix_led.c.o
                0x10000ed4                npInit
 .text.npSetLED
                0x10000f54       0x18 CMakeFiles/user_input.dir/matrix_led.c.o
                0x10000f54                npSetLED
 .text.npClear  0x10000f6c       0x38 CMakeFiles/user_input.dir/matrix_led.c.o
                0x10000f6c                npClear
 .text.npWrite  0x10000fa4       0x58 CMakeFiles/user_input.dir/matrix_led.c.o
                0x10000fa4                npWrite
 .text.gpio_set_function
                0x10000ffc       0x34 CMakeFiles/user_input.dir/home/daniel-oliveira/.pico-sdk/sdk/2.1.0/src/rp2_common/hardware_gpio/gpio.c.o
                0x10000ffc                gpio_set_function
 .text.gpio_set_pulls
                0x10001030       0x28 CMakeFiles/user_input.dir/home/daniel-oliveira/.pico-sdk/sdk/2.1.0/src/rp2_common/hardware_gpio/gpio.c.o
                0x10001030                gpio_set_pulls
 .text.gpio_init
                0x10001058       0x40 CMakeFiles/user_input.dir/home/daniel-oliveira/.pico-sdk/sdk/2.1.0/src/rp2_common/hardware_gpio/gpio.c.o
                0x10001058                gpio_init
 .text.rp2040_chip_version
                0x10001098        0xc CMakeFiles/user_input.dir/home/daniel-oliveira/.pico-sdk/sdk/2.1.0/src/rp2040/pico_platform/platform.c.o
                0x10001098                rp2040_chip_version
 .text.panic    0x100010a4       0x30 CMakeFiles/user_input.dir/home/daniel-oliveira/.pico-sdk/sdk/2.1.0/src/rp2_common/pico_platform_panic/panic.c.o
                0x100010a4                panic
 .text.hw_claim_lock
                0x100010d4       0x18 CMakeFiles/user_input.dir/home/daniel-oliveira/.pico-sdk/sdk/2.1.0/src/common/hardware_claim/claim.c.o
                0x100010d4                hw_claim_lock
 .text.hw_claim_unlock
                0x100010ec       0x14 CMakeFiles/user_input.dir/home/daniel-oliveira/.pico-sdk/sdk/2.1.0/src/common/hardware_claim/claim.c.o
                0x100010ec                hw_claim_unlock
 .text.hw_claim_or_assert
                0x10001100       0x44 CMakeFiles/user_input.dir/home/daniel-oliveira/.pico-sdk/sdk/2.1.0/src/common/hardware_claim/claim.c.o
                0x10001100                hw_claim_or_assert
 .text.hw_claim_unused_from_range
                0x10001144       0x9c CMakeFiles/user_input.dir/home/daniel-oliveira/.pico-sdk/sdk/2.1.0/src/common/hardware_claim/claim.c.o
                0x10001144                hw_claim_unused_from_range
 .text.next_striped_spin_lock_num
                0x100011e0       0x18 CMakeFiles/user_input.dir/home/daniel-oliveira/.pico-sdk/sdk/2.1.0/src/rp2_common/hardware_sync/sync.c.o
                0x100011e0                next_striped_spin_lock_num
 .text.spin_lock_claim_unused
                0x100011f8       0x24 CMakeFiles/user_input.dir/home/daniel-oliveira/.pico-sdk/sdk/2.1.0/src/rp2_common/hardware_sync/sync.c.o
                0x100011f8                spin_lock_claim_unused
 .text.spin_locks_reset
                0x1000121c       0x1c CMakeFiles/user_input.dir/home/daniel-oliveira/.pico-sdk/sdk/2.1.0/src/rp2_common/hardware_sync_spin_lock/sync_spin_lock.c.o
                0x1000121c                spin_locks_reset
 .text.runtime_init_per_core_irq_priorities
                0x10001238       0x24 CMakeFiles/user_input.dir/home/daniel-oliveira/.pico-sdk/sdk/2.1.0/src/rp2_common/hardware_irq/irq.c.o
                0x10001238                runtime_init_per_core_irq_priorities
 .text.irq_set_enabled
                0x1000125c       0x24 CMakeFiles/user_input.dir/home/daniel-oliveira/.pico-sdk/sdk/2.1.0/src/rp2_common/hardware_irq/irq.c.o
                0x1000125c                irq_set_enabled
 .text.irq_is_enabled
                0x10001280       0x18 CMakeFiles/user_input.dir/home/daniel-oliveira/.pico-sdk/sdk/2.1.0/src/rp2_common/hardware_irq/irq.c.o
                0x10001280                irq_is_enabled
 .text.irq_set_pending
                0x10001298       0x10 CMakeFiles/user_input.dir/home/daniel-oliveira/.pico-sdk/sdk/2.1.0/src/rp2_common/hardware_irq/irq.c.o
                0x10001298                irq_set_pending
 .text.irq_has_shared_handler
                0x100012a8       0x2c CMakeFiles/user_input.dir/home/daniel-oliveira/.pico-sdk/sdk/2.1.0/src/rp2_common/hardware_irq/irq.c.o
                0x100012a8                irq_has_shared_handler
 .text.irq_set_exclusive_handler
                0x100012d4       0x54 CMakeFiles/user_input.dir/home/daniel-oliveira/.pico-sdk/sdk/2.1.0/src/rp2_common/hardware_irq/irq.c.o
                0x100012d4                irq_set_exclusive_handler
 .text.irq_add_shared_handler
                0x10001328      0x1f4 CMakeFiles/user_input.dir/home/daniel-oliveira/.pico-sdk/sdk/2.1.0/src/rp2_common/hardware_irq/irq.c.o
                0x10001328                irq_add_shared_handler
 .text.irq_add_tail_to_free_list
                0x1000151c       0xb4 CMakeFiles/user_input.dir/home/daniel-oliveira/.pico-sdk/sdk/2.1.0/src/rp2_common/hardware_irq/irq.c.o
                0x1000151c                irq_add_tail_to_free_list
 .text.user_irq_claim_unused
                0x100015d0       0x2c CMakeFiles/user_input.dir/home/daniel-oliveira/.pico-sdk/sdk/2.1.0/src/rp2_common/hardware_irq/irq.c.o
                0x100015d0                user_irq_claim_unused
 .text.lock_init
                0x100015fc       0x10 CMakeFiles/user_input.dir/home/daniel-oliveira/.pico-sdk/sdk/2.1.0/src/common/pico_sync/lock_core.c.o
                0x100015fc                lock_init
 .text.runtime_init_mutex
                0x1000160c       0x50 CMakeFiles/user_input.dir/home/daniel-oliveira/.pico-sdk/sdk/2.1.0/src/common/pico_sync/mutex.c.o
                0x1000160c                runtime_init_mutex
 .text.mutex_init
                0x1000165c       0x1c CMakeFiles/user_input.dir/home/daniel-oliveira/.pico-sdk/sdk/2.1.0/src/common/pico_sync/mutex.c.o
                0x1000165c                mutex_init
 .text.critical_section_init
                0x10001678       0x1c CMakeFiles/user_input.dir/home/daniel-oliveira/.pico-sdk/sdk/2.1.0/src/common/pico_sync/critical_section.c.o
                0x10001678                critical_section_init
 .text.critical_section_init_with_lock_num
                0x10001694       0x14 CMakeFiles/user_input.dir/home/daniel-oliveira/.pico-sdk/sdk/2.1.0/src/common/pico_sync/critical_section.c.o
                0x10001694                critical_section_init_with_lock_num
 .text.sleep_until_callback
                0x100016a8       0x30 CMakeFiles/user_input.dir/home/daniel-oliveira/.pico-sdk/sdk/2.1.0/src/common/pico_time/time.c.o
 .text.alarm_pool_irq_handler
                0x100016d8      0x2fc CMakeFiles/user_input.dir/home/daniel-oliveira/.pico-sdk/sdk/2.1.0/src/common/pico_time/time.c.o
 .text.runtime_init_default_alarm_pool
                0x100019d4       0xdc CMakeFiles/user_input.dir/home/daniel-oliveira/.pico-sdk/sdk/2.1.0/src/common/pico_time/time.c.o
                0x100019d4                runtime_init_default_alarm_pool
 .text.alarm_pool_get_default
                0x10001ab0        0x8 CMakeFiles/user_input.dir/home/daniel-oliveira/.pico-sdk/sdk/2.1.0/src/common/pico_time/time.c.o
                0x10001ab0                alarm_pool_get_default
 .text.alarm_pool_add_alarm_at
                0x10001ab8       0xd4 CMakeFiles/user_input.dir/home/daniel-oliveira/.pico-sdk/sdk/2.1.0/src/common/pico_time/time.c.o
                0x10001ab8                alarm_pool_add_alarm_at
 .text.alarm_pool_add_alarm_at_force_in_context
                0x10001b8c       0xb0 CMakeFiles/user_input.dir/home/daniel-oliveira/.pico-sdk/sdk/2.1.0/src/common/pico_time/time.c.o
                0x10001b8c                alarm_pool_add_alarm_at_force_in_context
 .text.alarm_pool_cancel_alarm
                0x10001c3c       0x74 CMakeFiles/user_input.dir/home/daniel-oliveira/.pico-sdk/sdk/2.1.0/src/common/pico_time/time.c.o
                0x10001c3c                alarm_pool_cancel_alarm
 .text.alarm_pool_core_num
                0x10001cb0        0x4 CMakeFiles/user_input.dir/home/daniel-oliveira/.pico-sdk/sdk/2.1.0/src/common/pico_time/time.c.o
                0x10001cb0                alarm_pool_core_num
 .text.sleep_until
                0x10001cb4       0xd8 CMakeFiles/user_input.dir/home/daniel-oliveira/.pico-sdk/sdk/2.1.0/src/common/pico_time/time.c.o
                0x10001cb4                sleep_until
 .text.sleep_us
                0x10001d8c       0x28 CMakeFiles/user_input.dir/home/daniel-oliveira/.pico-sdk/sdk/2.1.0/src/common/pico_time/time.c.o
                0x10001d8c                sleep_us
 .text.sleep_ms
                0x10001db4       0x38 CMakeFiles/user_input.dir/home/daniel-oliveira/.pico-sdk/sdk/2.1.0/src/common/pico_time/time.c.o
                0x10001db4                sleep_ms
 .text.best_effort_wfe_or_timeout
                0x10001dec       0xe0 CMakeFiles/user_input.dir/home/daniel-oliveira/.pico-sdk/sdk/2.1.0/src/common/pico_time/time.c.o
                0x10001dec                best_effort_wfe_or_timeout
 .text.timer_hardware_alarm_claim
                0x10001ecc       0x14 CMakeFiles/user_input.dir/home/daniel-oliveira/.pico-sdk/sdk/2.1.0/src/rp2_common/hardware_timer/timer.c.o
                0x10001ecc                timer_hardware_alarm_claim
 .text.timer_time_us_64
                0x10001ee0       0x10 CMakeFiles/user_input.dir/home/daniel-oliveira/.pico-sdk/sdk/2.1.0/src/rp2_common/hardware_timer/timer.c.o
                0x10001ee0                timer_time_us_64
 .text.time_us_64
                0x10001ef0       0x14 CMakeFiles/user_input.dir/home/daniel-oliveira/.pico-sdk/sdk/2.1.0/src/rp2_common/hardware_timer/timer.c.o
                0x10001ef0                time_us_64
 .text.busy_wait_until
                0x10001f04       0x20 CMakeFiles/user_input.dir/home/daniel-oliveira/.pico-sdk/sdk/2.1.0/src/rp2_common/hardware_timer/timer.c.o
                0x10001f04                busy_wait_until
 .text.clock_configure_int_divider
                0x10001f24       0xf4 CMakeFiles/user_input.dir/home/daniel-oliveira/.pico-sdk/sdk/2.1.0/src/rp2_common/hardware_clocks/clocks.c.o
                0x10001f24                clock_configure_int_divider
 .text.clock_configure_undivided
                0x10002018       0xe8 CMakeFiles/user_input.dir/home/daniel-oliveira/.pico-sdk/sdk/2.1.0/src/rp2_common/hardware_clocks/clocks.c.o
                0x10002018                clock_configure_undivided
 .text.clock_get_hz
                0x10002100        0xc CMakeFiles/user_input.dir/home/daniel-oliveira/.pico-sdk/sdk/2.1.0/src/rp2_common/hardware_clocks/clocks.c.o
                0x10002100                clock_get_hz
 .text.pll_init
                0x1000210c       0xa4 CMakeFiles/user_input.dir/home/daniel-oliveira/.pico-sdk/sdk/2.1.0/src/rp2_common/hardware_pll/pll.c.o
                0x1000210c                pll_init
 .text.watchdog_reboot
                0x100021b0       0x9c CMakeFiles/user_input.dir/home/daniel-oliveira/.pico-sdk/sdk/2.1.0/src/rp2_common/hardware_watchdog/watchdog.c.o
                0x100021b0                watchdog_reboot
 .text.tick_start
                0x1000224c       0x10 CMakeFiles/user_input.dir/home/daniel-oliveira/.pico-sdk/sdk/2.1.0/src/rp2_common/hardware_ticks/ticks.c.o
                0x1000224c                tick_start
 .text.rom_func_lookup
                0x1000225c       0x10 CMakeFiles/user_input.dir/home/daniel-oliveira/.pico-sdk/sdk/2.1.0/src/rp2_common/pico_bootrom/bootrom.c.o
                0x1000225c                rom_func_lookup
 .text.rom_data_lookup
                0x1000226c       0x10 CMakeFiles/user_input.dir/home/daniel-oliveira/.pico-sdk/sdk/2.1.0/src/rp2_common/pico_bootrom/bootrom.c.o
                0x1000226c                rom_data_lookup
 .text.rom_funcs_lookup
                0x1000227c       0x44 CMakeFiles/user_input.dir/home/daniel-oliveira/.pico-sdk/sdk/2.1.0/src/rp2_common/pico_bootrom/bootrom.c.o
                0x1000227c                rom_funcs_lookup
 .text.rom_reset_usb_boot_extra
                0x100022c0       0x28 CMakeFiles/user_input.dir/home/daniel-oliveira/.pico-sdk/sdk/2.1.0/src/rp2_common/pico_bootrom/bootrom.c.o
                0x100022c0                rom_reset_usb_boot_extra
 .text.xosc_init
                0x100022e8       0x28 CMakeFiles/user_input.dir/home/daniel-oliveira/.pico-sdk/sdk/2.1.0/src/rp2_common/hardware_xosc/xosc.c.o
                0x100022e8                xosc_init
 .text.first_per_core_initializer
                0x10002310        0x4 CMakeFiles/user_input.dir/home/daniel-oliveira/.pico-sdk/sdk/2.1.0/src/rp2_common/pico_runtime/runtime.c.o
 .text.hard_assertion_failure
                0x10002314        0xc CMakeFiles/user_input.dir/home/daniel-oliveira/.pico-sdk/sdk/2.1.0/src/rp2_common/pico_runtime/runtime.c.o
                0x10002314                hard_assertion_failure
 .text.runtime_run_initializers
                0x10002320       0x28 CMakeFiles/user_input.dir/home/daniel-oliveira/.pico-sdk/sdk/2.1.0/src/rp2_common/pico_runtime/runtime.c.o
                0x10002320                runtime_run_initializers
 .text.runtime_init_early_resets
                0x10002348       0x2c CMakeFiles/user_input.dir/home/daniel-oliveira/.pico-sdk/sdk/2.1.0/src/rp2_common/pico_runtime_init/runtime_init.c.o
                0x10002348                runtime_init_early_resets
 .text.runtime_init_usb_power_down
                0x10002374       0x1c CMakeFiles/user_input.dir/home/daniel-oliveira/.pico-sdk/sdk/2.1.0/src/rp2_common/pico_runtime_init/runtime_init.c.o
                0x10002374                runtime_init_usb_power_down
 .text.runtime_init_post_clock_resets
                0x10002390       0x20 CMakeFiles/user_input.dir/home/daniel-oliveira/.pico-sdk/sdk/2.1.0/src/rp2_common/pico_runtime_init/runtime_init.c.o
                0x10002390                runtime_init_post_clock_resets
 .text.runtime_init_rp2040_gpio_ie_disable
                0x100023b0       0x14 CMakeFiles/user_input.dir/home/daniel-oliveira/.pico-sdk/sdk/2.1.0/src/rp2_common/pico_runtime_init/runtime_init.c.o
                0x100023b0                runtime_init_rp2040_gpio_ie_disable
 .text.runtime_init_spin_locks_reset
                0x100023c4        0x8 CMakeFiles/user_input.dir/home/daniel-oliveira/.pico-sdk/sdk/2.1.0/src/rp2_common/pico_runtime_init/runtime_init.c.o
                0x100023c4                runtime_init_spin_locks_reset
 .text.runtime_init_install_ram_vector_table
                0x100023cc       0x1c CMakeFiles/user_input.dir/home/daniel-oliveira/.pico-sdk/sdk/2.1.0/src/rp2_common/pico_runtime_init/runtime_init.c.o
                0x100023cc                runtime_init_install_ram_vector_table
 .text.runtime_init_clocks
                0x100023e8       0xd8 CMakeFiles/user_input.dir/home/daniel-oliveira/.pico-sdk/sdk/2.1.0/src/rp2_common/pico_runtime_init/runtime_init_clocks.c.o
                0x100023e8                runtime_init_clocks
 .text          0x100024c0       0x10 CMakeFiles/user_input.dir/home/daniel-oliveira/.pico-sdk/sdk/2.1.0/src/rp2_common/pico_bit_ops/bit_ops_aeabi.S.o
 .text.__wrap___aeabi_idiv
                0x100024d0       0x50 CMakeFiles/user_input.dir/home/daniel-oliveira/.pico-sdk/sdk/2.1.0/src/rp2_common/pico_divider/divider_hardware.S.o
                0x100024d0                __wrap___aeabi_idivmod
                0x100024d0                divmod_s32s32
                0x100024d0                div_s32s32
                0x100024d0                __wrap___aeabi_idiv
                0x100024d8                divmod_s32s32_unsafe
                0x10002504                divmod_s32s32_savestate
 .text.__wrap___aeabi_uidiv
                0x10002520       0x4c CMakeFiles/user_input.dir/home/daniel-oliveira/.pico-sdk/sdk/2.1.0/src/rp2_common/pico_divider/divider_hardware.S.o
                0x10002520                __wrap___aeabi_uidiv
                0x10002520                __wrap___aeabi_uidivmod
                0x10002520                div_u32u32
                0x10002520                divmod_u32u32
                0x10002528                divmod_u32u32_unsafe
                0x10002550                divmod_u32u32_savestate
 .text.__wrap___aeabi_ldiv
                0x1000256c      0x424 CMakeFiles/user_input.dir/home/daniel-oliveira/.pico-sdk/sdk/2.1.0/src/rp2_common/pico_divider/divider_hardware.S.o
                0x1000256c                div_s64s64
                0x1000256c                divmod_s64s64
                0x1000256c                __wrap___aeabi_ldivmod
                0x1000259c                div_u64u64
                0x1000259c                divmod_u64u64
                0x1000259c                __wrap___aeabi_uldivmod
                0x100025ac                divmod_u64u64_savestate
                0x100025cc                divmod_s64s64_unsafe
                0x10002654                divmod_u64u64_unsafe
 .text.__wrap___aeabi_darithmetic
                0x10002990       0x60 CMakeFiles/user_input.dir/home/daniel-oliveira/.pico-sdk/sdk/2.1.0/src/rp2_common/pico_double/double_aeabi_rp2040.S.o
                0x10002990                __wrap___aeabi_drsub
                0x10002996                __wrap___aeabi_dsub
                0x100029a0                __wrap___aeabi_dadd
                0x100029aa                __wrap___aeabi_ddiv
                0x100029de                __wrap___aeabi_dmul
 .text.__wrap___aeabi_cdcmple
                0x100029f0       0x6c CMakeFiles/user_input.dir/home/daniel-oliveira/.pico-sdk/sdk/2.1.0/src/rp2_common/pico_double/double_aeabi_rp2040.S.o
                0x100029f0                __wrap___aeabi_cdrcmple
                0x10002a00                __wrap___aeabi_cdcmple
                0x10002a00                __wrap___aeabi_cdcmpeq
 .text.__wrap___aeabi_dcmplt
                0x10002a5c        0xc CMakeFiles/user_input.dir/home/daniel-oliveira/.pico-sdk/sdk/2.1.0/src/rp2_common/pico_double/double_aeabi_rp2040.S.o
                0x10002a5c                __wrap___aeabi_dcmplt
 .text.__wrap___aeabi_dcmpge
                0x10002a68       0x10 CMakeFiles/user_input.dir/home/daniel-oliveira/.pico-sdk/sdk/2.1.0/src/rp2_common/pico_double/double_aeabi_rp2040.S.o
                0x10002a68                __wrap___aeabi_dcmpge
 .text.__wrap___aeabi_dcmpgt
                0x10002a78        0xa CMakeFiles/user_input.dir/home/daniel-oliveira/.pico-sdk/sdk/2.1.0/src/rp2_common/pico_double/double_aeabi_rp2040.S.o
                0x10002a78                __wrap___aeabi_dcmpgt
 .text.__wrap___aeabi_dcmpun
                0x10002a82       0x18 CMakeFiles/user_input.dir/home/daniel-oliveira/.pico-sdk/sdk/2.1.0/src/rp2_common/pico_double/double_aeabi_rp2040.S.o
                0x10002a82                __wrap___aeabi_dcmpun
 *fill*         0x10002a9a        0x2 
 .text.__wrap___aeabi_i2d
                0x10002a9c       0x38 CMakeFiles/user_input.dir/home/daniel-oliveira/.pico-sdk/sdk/2.1.0/src/rp2_common/pico_double/double_aeabi_rp2040.S.o
                0x10002a9c                __wrap___aeabi_ui2d
                0x10002aa4                __wrap___aeabi_i2d
 .text.__wrap___aeabi_d2iz
                0x10002ad4       0x48 CMakeFiles/user_input.dir/home/daniel-oliveira/.pico-sdk/sdk/2.1.0/src/rp2_common/pico_double/double_aeabi_rp2040.S.o
                0x10002ad4                __wrap___aeabi_d2iz
                0x10002ad4                double2int_z
 .text.__wrap___aeabi_d2uiz
                0x10002b1c       0x10 CMakeFiles/user_input.dir/home/daniel-oliveira/.pico-sdk/sdk/2.1.0/src/rp2_common/pico_double/double_aeabi_rp2040.S.o
                0x10002b1c                double2uint
                0x10002b1c                __wrap___aeabi_d2uiz
 .text.missing_double_func_shim
                0x10002b2c        0xc CMakeFiles/user_input.dir/home/daniel-oliveira/.pico-sdk/sdk/2.1.0/src/rp2_common/pico_double/double_init_rom_rp2040.c.o
 .text.__aeabi_double_init
                0x10002b38       0xa0 CMakeFiles/user_input.dir/home/daniel-oliveira/.pico-sdk/sdk/2.1.0/src/rp2_common/pico_double/double_init_rom_rp2040.c.o
                0x10002b38                __aeabi_double_init
 .text.double_table_shim_on_use_helper
                0x10002bd8       0x2c CMakeFiles/user_input.dir/home/daniel-oliveira/.pico-sdk/sdk/2.1.0/src/rp2_common/pico_double/double_v1_rom_shim_rp2040.S.o
                0x10002bd8                double_table_shim_on_use_helper
 .text.__aeabi_lmul
                0x10002c04       0x32 CMakeFiles/user_input.dir/home/daniel-oliveira/.pico-sdk/sdk/2.1.0/src/rp2_common/pico_int64_ops/pico_int64_ops_aeabi.S.o
                0x10002c04                __wrap___aeabi_lmul
 *fill*         0x10002c36        0x2 
 .text.__wrap___aeabi_farithmetic
                0x10002c38       0x48 CMakeFiles/user_input.dir/home/daniel-oliveira/.pico-sdk/sdk/2.1.0/src/rp2_common/pico_float/float_aeabi_rp2040.S.o
                0x10002c38                __wrap___aeabi_frsub
                0x10002c3e                __wrap___aeabi_fsub
                0x10002c44                __wrap___aeabi_fadd
                0x10002c4a                __wrap___aeabi_fdiv
                0x10002c72                __wrap___aeabi_fmul
 .text.__wrap___aeabi_ui2f
                0x10002c80        0xa CMakeFiles/user_input.dir/home/daniel-oliveira/.pico-sdk/sdk/2.1.0/src/rp2_common/pico_float/float_aeabi_rp2040.S.o
                0x10002c80                uint2float
                0x10002c80                __wrap___aeabi_ui2f
 *fill*         0x10002c8a        0x2 
 .text.__wrap___aeabi_i2f
                0x10002c8c       0x44 CMakeFiles/user_input.dir/home/daniel-oliveira/.pico-sdk/sdk/2.1.0/src/rp2_common/pico_float/float_aeabi_rp2040.S.o
                0x10002c8c                int2float
                0x10002c8c                __wrap___aeabi_i2f
 .text.__wrap___aeabi_f2uiz
                0x10002cd0        0xc CMakeFiles/user_input.dir/home/daniel-oliveira/.pico-sdk/sdk/2.1.0/src/rp2_common/pico_float/float_aeabi_rp2040.S.o
                0x10002cd0                float2uint_z
                0x10002cd0                __wrap___aeabi_f2uiz
 .text.missing_float_func_shim
                0x10002cdc        0xc CMakeFiles/user_input.dir/home/daniel-oliveira/.pico-sdk/sdk/2.1.0/src/rp2_common/pico_float/float_init_rom_rp2040.c.o
 .text.__aeabi_float_init
                0x10002ce8       0x5c CMakeFiles/user_input.dir/home/daniel-oliveira/.pico-sdk/sdk/2.1.0/src/rp2_common/pico_float/float_init_rom_rp2040.c.o
                0x10002ce8                __aeabi_float_init
 .text.__wrap_malloc
                0x10002d44       0x24 CMakeFiles/user_input.dir/home/daniel-oliveira/.pico-sdk/sdk/2.1.0/src/rp2_common/pico_malloc/malloc.c.o
                0x10002d44                __wrap_malloc
 .text.__wrap_free
                0x10002d68        0x8 CMakeFiles/user_input.dir/home/daniel-oliveira/.pico-sdk/sdk/2.1.0/src/rp2_common/pico_malloc/malloc.c.o
                0x10002d68                __wrap_free
 .text          0x10002d70       0x10 CMakeFiles/user_input.dir/home/daniel-oliveira/.pico-sdk/sdk/2.1.0/src/rp2_common/pico_mem_ops/mem_ops_aeabi.S.o
                0x10002d70                __aeabi_mem_init
 .text.memset   0x10002d80        0xc CMakeFiles/user_input.dir/home/daniel-oliveira/.pico-sdk/sdk/2.1.0/src/rp2_common/pico_mem_ops/mem_ops_aeabi.S.o
                0x10002d80                __wrap_memset
 .text.memcpy   0x10002d8c        0xc CMakeFiles/user_input.dir/home/daniel-oliveira/.pico-sdk/sdk/2.1.0/src/rp2_common/pico_mem_ops/mem_ops_aeabi.S.o
                0x10002d8c                __wrap___aeabi_memcpy
                0x10002d8c                __wrap_memcpy
 .text._out_buffer
                0x10002d98        0x8 CMakeFiles/user_input.dir/home/daniel-oliveira/.pico-sdk/sdk/2.1.0/src/rp2_common/pico_printf/printf.c.o
 .text._out_null
                0x10002da0        0x4 CMakeFiles/user_input.dir/home/daniel-oliveira/.pico-sdk/sdk/2.1.0/src/rp2_common/pico_printf/printf.c.o
 .text._out_rev
                0x10002da4       0xac CMakeFiles/user_input.dir/home/daniel-oliveira/.pico-sdk/sdk/2.1.0/src/rp2_common/pico_printf/printf.c.o
 .text._ntoa_format
                0x10002e50      0x250 CMakeFiles/user_input.dir/home/daniel-oliveira/.pico-sdk/sdk/2.1.0/src/rp2_common/pico_printf/printf.c.o
 .text._out_char
                0x100030a0       0x10 CMakeFiles/user_input.dir/home/daniel-oliveira/.pico-sdk/sdk/2.1.0/src/rp2_common/pico_printf/printf.c.o
 .text._out_fct
                0x100030b0       0x10 CMakeFiles/user_input.dir/home/daniel-oliveira/.pico-sdk/sdk/2.1.0/src/rp2_common/pico_printf/printf.c.o
 .text._etoa    0x100030c0      0x464 CMakeFiles/user_input.dir/home/daniel-oliveira/.pico-sdk/sdk/2.1.0/src/rp2_common/pico_printf/printf.c.o
 .text._ftoa    0x10003524      0x3c0 CMakeFiles/user_input.dir/home/daniel-oliveira/.pico-sdk/sdk/2.1.0/src/rp2_common/pico_printf/printf.c.o
 .text._vsnprintf
                0x100038e4      0xbc8 CMakeFiles/user_input.dir/home/daniel-oliveira/.pico-sdk/sdk/2.1.0/src/rp2_common/pico_printf/printf.c.o
 .text.__wrap_sprintf
                0x100044ac       0x2c CMakeFiles/user_input.dir/home/daniel-oliveira/.pico-sdk/sdk/2.1.0/src/rp2_common/pico_printf/printf.c.o
                0x100044ac                __wrap_sprintf
 .text.vfctprintf
                0x100044d8       0x20 CMakeFiles/user_input.dir/home/daniel-oliveira/.pico-sdk/sdk/2.1.0/src/rp2_common/pico_printf/printf.c.o
                0x100044d8                vfctprintf
 .text.weak_raw_vprintf
                0x100044f8       0x30 CMakeFiles/user_input.dir/home/daniel-oliveira/.pico-sdk/sdk/2.1.0/src/rp2_common/pico_printf/printf.c.o
                0x100044f8                weak_raw_vprintf
 .text._exit    0x10004528        0x4 CMakeFiles/user_input.dir/home/daniel-oliveira/.pico-sdk/sdk/2.1.0/src/rp2_common/pico_clib_interface/newlib_interface.c.o
                0x10004528                _exit
 .text._sbrk    0x1000452c       0x34 CMakeFiles/user_input.dir/home/daniel-oliveira/.pico-sdk/sdk/2.1.0/src/rp2_common/pico_clib_interface/newlib_interface.c.o
                0x1000452c                _sbrk
 .text._gettimeofday
                0x10004560       0x30 CMakeFiles/user_input.dir/home/daniel-oliveira/.pico-sdk/sdk/2.1.0/src/rp2_common/pico_clib_interface/newlib_interface.c.o
                0x10004560                _gettimeofday
 .text.exit     0x10004590        0x8 CMakeFiles/user_input.dir/home/daniel-oliveira/.pico-sdk/sdk/2.1.0/src/rp2_common/pico_clib_interface/newlib_interface.c.o
                0x10004590                exit
 .text.runtime_init
                0x10004598       0x2c CMakeFiles/user_input.dir/home/daniel-oliveira/.pico-sdk/sdk/2.1.0/src/rp2_common/pico_clib_interface/newlib_interface.c.o
                0x10004598                runtime_init
 .text.stdio_out_chars_no_crlf
                0x100045c4       0x10 CMakeFiles/user_input.dir/home/daniel-oliveira/.pico-sdk/sdk/2.1.0/src/rp2_common/pico_stdio/stdio.c.o
 .text.stdio_out_chars_crlf
                0x100045d4       0x94 CMakeFiles/user_input.dir/home/daniel-oliveira/.pico-sdk/sdk/2.1.0/src/rp2_common/pico_stdio/stdio.c.o
 .text.stdio_buffered_printer
                0x10004668       0x64 CMakeFiles/user_input.dir/home/daniel-oliveira/.pico-sdk/sdk/2.1.0/src/rp2_common/pico_stdio/stdio.c.o
 .text.stdio_put_string
                0x100046cc      0x100 CMakeFiles/user_input.dir/home/daniel-oliveira/.pico-sdk/sdk/2.1.0/src/rp2_common/pico_stdio/stdio.c.o
                0x100046cc                stdio_put_string
 .text.stdio_set_driver_enabled
                0x100047cc       0x30 CMakeFiles/user_input.dir/home/daniel-oliveira/.pico-sdk/sdk/2.1.0/src/rp2_common/pico_stdio/stdio.c.o
                0x100047cc                stdio_set_driver_enabled
 .text.stdio_init_all
                0x100047fc        0x8 CMakeFiles/user_input.dir/home/daniel-oliveira/.pico-sdk/sdk/2.1.0/src/rp2_common/pico_stdio/stdio.c.o
                0x100047fc                stdio_init_all
 .text.__wrap_putchar
                0x10004804       0x98 CMakeFiles/user_input.dir/home/daniel-oliveira/.pico-sdk/sdk/2.1.0/src/rp2_common/pico_stdio/stdio.c.o
                0x10004804                stdio_putchar
                0x10004804                __wrap_putchar
 .text.__wrap_puts
                0x1000489c       0x3c CMakeFiles/user_input.dir/home/daniel-oliveira/.pico-sdk/sdk/2.1.0/src/rp2_common/pico_stdio/stdio.c.o
                0x1000489c                __wrap_puts
                0x1000489c                stdio_puts
 .text.__wrap_vprintf
                0x100048d8       0xd4 CMakeFiles/user_input.dir/home/daniel-oliveira/.pico-sdk/sdk/2.1.0/src/rp2_common/pico_stdio/stdio.c.o
                0x100048d8                __wrap_vprintf
                0x100048d8                stdio_vprintf
 .text.__wrap_printf
                0x100049ac       0x18 CMakeFiles/user_input.dir/home/daniel-oliveira/.pico-sdk/sdk/2.1.0/src/rp2_common/pico_stdio/stdio.c.o
                0x100049ac                stdio_printf
                0x100049ac                __wrap_printf
 .text.resetd_init
                0x100049c4        0x4 CMakeFiles/user_input.dir/home/daniel-oliveira/.pico-sdk/sdk/2.1.0/src/rp2_common/pico_stdio_usb/reset_interface.c.o
 .text.resetd_reset
                0x100049c8        0xc CMakeFiles/user_input.dir/home/daniel-oliveira/.pico-sdk/sdk/2.1.0/src/rp2_common/pico_stdio_usb/reset_interface.c.o
 .text.resetd_open
                0x100049d4       0x28 CMakeFiles/user_input.dir/home/daniel-oliveira/.pico-sdk/sdk/2.1.0/src/rp2_common/pico_stdio_usb/reset_interface.c.o
 .text.resetd_xfer_cb
                0x100049fc        0x4 CMakeFiles/user_input.dir/home/daniel-oliveira/.pico-sdk/sdk/2.1.0/src/rp2_common/pico_stdio_usb/reset_interface.c.o
 .text.resetd_control_xfer_cb
                0x10004a00       0x5c CMakeFiles/user_input.dir/home/daniel-oliveira/.pico-sdk/sdk/2.1.0/src/rp2_common/pico_stdio_usb/reset_interface.c.o
 .text.tud_descriptor_bos_cb
                0x10004a5c        0x8 CMakeFiles/user_input.dir/home/daniel-oliveira/.pico-sdk/sdk/2.1.0/src/rp2_common/pico_stdio_usb/reset_interface.c.o
                0x10004a5c                tud_descriptor_bos_cb
 .text.tud_vendor_control_xfer_cb
                0x10004a64       0x34 CMakeFiles/user_input.dir/home/daniel-oliveira/.pico-sdk/sdk/2.1.0/src/rp2_common/pico_stdio_usb/reset_interface.c.o
                0x10004a64                tud_vendor_control_xfer_cb
 .text.usbd_app_driver_get_cb
                0x10004a98        0xc CMakeFiles/user_input.dir/home/daniel-oliveira/.pico-sdk/sdk/2.1.0/src/rp2_common/pico_stdio_usb/reset_interface.c.o
                0x10004a98                usbd_app_driver_get_cb
 .text.tud_cdc_line_coding_cb
                0x10004aa4       0x2c CMakeFiles/user_input.dir/home/daniel-oliveira/.pico-sdk/sdk/2.1.0/src/rp2_common/pico_stdio_usb/reset_interface.c.o
                0x10004aa4                tud_cdc_line_coding_cb
 .text.stdio_usb_set_chars_available_callback
                0x10004ad0       0x14 CMakeFiles/user_input.dir/home/daniel-oliveira/.pico-sdk/sdk/2.1.0/src/rp2_common/pico_stdio_usb/stdio_usb.c.o
                0x10004ad0                stdio_usb_set_chars_available_callback
 .text.usb_irq  0x10004ae4       0x10 CMakeFiles/user_input.dir/home/daniel-oliveira/.pico-sdk/sdk/2.1.0/src/rp2_common/pico_stdio_usb/stdio_usb.c.o
 .text.timer_task
                0x10004af4       0x64 CMakeFiles/user_input.dir/home/daniel-oliveira/.pico-sdk/sdk/2.1.0/src/rp2_common/pico_stdio_usb/stdio_usb.c.o
 .text.stdio_usb_in_chars
                0x10004b58       0x90 CMakeFiles/user_input.dir/home/daniel-oliveira/.pico-sdk/sdk/2.1.0/src/rp2_common/pico_stdio_usb/stdio_usb.c.o
                0x10004b58                stdio_usb_in_chars
 .text.stdio_usb_out_flush
                0x10004be8       0x50 CMakeFiles/user_input.dir/home/daniel-oliveira/.pico-sdk/sdk/2.1.0/src/rp2_common/pico_stdio_usb/stdio_usb.c.o
 .text.stdio_usb_out_chars
                0x10004c38      0x104 CMakeFiles/user_input.dir/home/daniel-oliveira/.pico-sdk/sdk/2.1.0/src/rp2_common/pico_stdio_usb/stdio_usb.c.o
 .text.low_priority_worker_irq
                0x10004d3c       0xcc CMakeFiles/user_input.dir/home/daniel-oliveira/.pico-sdk/sdk/2.1.0/src/rp2_common/pico_stdio_usb/stdio_usb.c.o
 .text.stdio_usb_init
                0x10004e08       0xe8 CMakeFiles/user_input.dir/home/daniel-oliveira/.pico-sdk/sdk/2.1.0/src/rp2_common/pico_stdio_usb/stdio_usb.c.o
                0x10004e08                stdio_usb_init
 .text.tud_descriptor_device_cb
                0x10004ef0        0x8 CMakeFiles/user_input.dir/home/daniel-oliveira/.pico-sdk/sdk/2.1.0/src/rp2_common/pico_stdio_usb/stdio_usb_descriptors.c.o
                0x10004ef0                tud_descriptor_device_cb
 .text.tud_descriptor_configuration_cb
                0x10004ef8        0x8 CMakeFiles/user_input.dir/home/daniel-oliveira/.pico-sdk/sdk/2.1.0/src/rp2_common/pico_stdio_usb/stdio_usb_descriptors.c.o
                0x10004ef8                tud_descriptor_configuration_cb
 .text.tud_descriptor_string_cb
                0x10004f00       0x78 CMakeFiles/user_input.dir/home/daniel-oliveira/.pico-sdk/sdk/2.1.0/src/rp2_common/pico_stdio_usb/stdio_usb_descriptors.c.o
                0x10004f00                tud_descriptor_string_cb
 .text.startup._retrieve_unique_id_on_boot
                0x10004f78       0x10 CMakeFiles/user_input.dir/home/daniel-oliveira/.pico-sdk/sdk/2.1.0/src/rp2_common/pico_unique_id/unique_id.c.o
 .text.pico_get_unique_board_id_string
                0x10004f88      0x1a8 CMakeFiles/user_input.dir/home/daniel-oliveira/.pico-sdk/sdk/2.1.0/src/rp2_common/pico_unique_id/unique_id.c.o
                0x10004f88                pico_get_unique_board_id_string
 .text.flash_get_unique_id
                0x10005130       0x3c CMakeFiles/user_input.dir/home/daniel-oliveira/.pico-sdk/sdk/2.1.0/src/rp2_common/hardware_flash/flash.c.o
                0x10005130                flash_get_unique_id
 .text.dcd_init
                0x1000516c       0x8c CMakeFiles/user_input.dir/home/daniel-oliveira/.pico-sdk/sdk/2.1.0/lib/tinyusb/src/portable/raspberrypi/rp2040/dcd_rp2040.c.o
                0x1000516c                dcd_init
 .text.dcd_int_enable
                0x100051f8        0xc CMakeFiles/user_input.dir/home/daniel-oliveira/.pico-sdk/sdk/2.1.0/lib/tinyusb/src/portable/raspberrypi/rp2040/dcd_rp2040.c.o
                0x100051f8                dcd_int_enable
 .text.dcd_set_address
                0x10005204       0x14 CMakeFiles/user_input.dir/home/daniel-oliveira/.pico-sdk/sdk/2.1.0/lib/tinyusb/src/portable/raspberrypi/rp2040/dcd_rp2040.c.o
                0x10005204                dcd_set_address
 .text.dcd_sof_enable
                0x10005218       0x1c CMakeFiles/user_input.dir/home/daniel-oliveira/.pico-sdk/sdk/2.1.0/lib/tinyusb/src/portable/raspberrypi/rp2040/dcd_rp2040.c.o
                0x10005218                dcd_sof_enable
 .text.dcd_edpt0_status_complete
                0x10005234       0x1c CMakeFiles/user_input.dir/home/daniel-oliveira/.pico-sdk/sdk/2.1.0/lib/tinyusb/src/portable/raspberrypi/rp2040/dcd_rp2040.c.o
                0x10005234                dcd_edpt0_status_complete
 .text.dcd_edpt_open
                0x10005250      0x108 CMakeFiles/user_input.dir/home/daniel-oliveira/.pico-sdk/sdk/2.1.0/lib/tinyusb/src/portable/raspberrypi/rp2040/dcd_rp2040.c.o
                0x10005250                dcd_edpt_open
 .text.dcd_edpt_close_all
                0x10005358        0x8 CMakeFiles/user_input.dir/home/daniel-oliveira/.pico-sdk/sdk/2.1.0/lib/tinyusb/src/portable/raspberrypi/rp2040/dcd_rp2040.c.o
                0x10005358                dcd_edpt_close_all
 .text.dcd_edpt_xfer
                0x10005360       0x24 CMakeFiles/user_input.dir/home/daniel-oliveira/.pico-sdk/sdk/2.1.0/lib/tinyusb/src/portable/raspberrypi/rp2040/dcd_rp2040.c.o
                0x10005360                dcd_edpt_xfer
 .text.dcd_edpt_stall
                0x10005384       0x34 CMakeFiles/user_input.dir/home/daniel-oliveira/.pico-sdk/sdk/2.1.0/lib/tinyusb/src/portable/raspberrypi/rp2040/dcd_rp2040.c.o
                0x10005384                dcd_edpt_stall
 .text.dcd_edpt_clear_stall
                0x100053b8       0x30 CMakeFiles/user_input.dir/home/daniel-oliveira/.pico-sdk/sdk/2.1.0/lib/tinyusb/src/portable/raspberrypi/rp2040/dcd_rp2040.c.o
                0x100053b8                dcd_edpt_clear_stall
 .text.rp2040_usb_init
                0x100053e8       0x40 CMakeFiles/user_input.dir/home/daniel-oliveira/.pico-sdk/sdk/2.1.0/lib/tinyusb/src/portable/raspberrypi/rp2040/rp2040_usb.c.o
                0x100053e8                rp2040_usb_init
 .text.hw_endpoint_xfer_start
                0x10005428       0x40 CMakeFiles/user_input.dir/home/daniel-oliveira/.pico-sdk/sdk/2.1.0/lib/tinyusb/src/portable/raspberrypi/rp2040/rp2040_usb.c.o
                0x10005428                hw_endpoint_xfer_start
 .text.tud_event_hook_cb
                0x10005468        0x4 CMakeFiles/user_input.dir/home/daniel-oliveira/.pico-sdk/sdk/2.1.0/lib/tinyusb/src/device/usbd.c.o
                0x10005468                tud_event_hook_cb
 .text.tud_sof_cb
                0x1000546c        0x4 CMakeFiles/user_input.dir/home/daniel-oliveira/.pico-sdk/sdk/2.1.0/lib/tinyusb/src/device/usbd.c.o
                0x1000546c                tud_sof_cb
 .text.tud_descriptor_device_qualifier_cb
                0x10005470        0x4 CMakeFiles/user_input.dir/home/daniel-oliveira/.pico-sdk/sdk/2.1.0/lib/tinyusb/src/device/usbd.c.o
                0x10005470                tud_descriptor_device_qualifier_cb
 .text.tud_descriptor_other_speed_configuration_cb
                0x10005474        0x4 CMakeFiles/user_input.dir/home/daniel-oliveira/.pico-sdk/sdk/2.1.0/lib/tinyusb/src/device/usbd.c.o
                0x10005474                tud_descriptor_other_speed_configuration_cb
 .text.tud_mount_cb
                0x10005478        0x4 CMakeFiles/user_input.dir/home/daniel-oliveira/.pico-sdk/sdk/2.1.0/lib/tinyusb/src/device/usbd.c.o
                0x10005478                tud_mount_cb
 .text.tud_umount_cb
                0x1000547c        0x4 CMakeFiles/user_input.dir/home/daniel-oliveira/.pico-sdk/sdk/2.1.0/lib/tinyusb/src/device/usbd.c.o
                0x1000547c                tud_umount_cb
 .text.tud_suspend_cb
                0x10005480        0x4 CMakeFiles/user_input.dir/home/daniel-oliveira/.pico-sdk/sdk/2.1.0/lib/tinyusb/src/device/usbd.c.o
                0x10005480                tud_suspend_cb
 .text.tud_resume_cb
                0x10005484        0x4 CMakeFiles/user_input.dir/home/daniel-oliveira/.pico-sdk/sdk/2.1.0/lib/tinyusb/src/device/usbd.c.o
                0x10005484                tud_resume_cb
 .text.tud_mounted
                0x10005488       0x10 CMakeFiles/user_input.dir/home/daniel-oliveira/.pico-sdk/sdk/2.1.0/lib/tinyusb/src/device/usbd.c.o
                0x10005488                tud_mounted
 .text.tud_suspended
                0x10005498       0x10 CMakeFiles/user_input.dir/home/daniel-oliveira/.pico-sdk/sdk/2.1.0/lib/tinyusb/src/device/usbd.c.o
                0x10005498                tud_suspended
 .text.tud_init
                0x100054a8       0xe4 CMakeFiles/user_input.dir/home/daniel-oliveira/.pico-sdk/sdk/2.1.0/lib/tinyusb/src/device/usbd.c.o
                0x100054a8                tud_init
 .text.tud_task_ext
                0x1000558c      0x800 CMakeFiles/user_input.dir/home/daniel-oliveira/.pico-sdk/sdk/2.1.0/lib/tinyusb/src/device/usbd.c.o
                0x1000558c                tud_task_ext
 .text.usbd_open_edpt_pair
                0x10005d8c       0x9c CMakeFiles/user_input.dir/home/daniel-oliveira/.pico-sdk/sdk/2.1.0/lib/tinyusb/src/device/usbd.c.o
                0x10005d8c                usbd_open_edpt_pair
 .text.usbd_edpt_open
                0x10005e28       0x34 CMakeFiles/user_input.dir/home/daniel-oliveira/.pico-sdk/sdk/2.1.0/lib/tinyusb/src/device/usbd.c.o
                0x10005e28                usbd_edpt_open
 .text.usbd_edpt_claim
                0x10005e5c       0x28 CMakeFiles/user_input.dir/home/daniel-oliveira/.pico-sdk/sdk/2.1.0/lib/tinyusb/src/device/usbd.c.o
                0x10005e5c                usbd_edpt_claim
 .text.usbd_edpt_release
                0x10005e84       0x28 CMakeFiles/user_input.dir/home/daniel-oliveira/.pico-sdk/sdk/2.1.0/lib/tinyusb/src/device/usbd.c.o
                0x10005e84                usbd_edpt_release
 .text.usbd_edpt_xfer
                0x10005eac       0x4c CMakeFiles/user_input.dir/home/daniel-oliveira/.pico-sdk/sdk/2.1.0/lib/tinyusb/src/device/usbd.c.o
                0x10005eac                usbd_edpt_xfer
 .text.tud_control_status
                0x10005ef8       0x2c CMakeFiles/user_input.dir/home/daniel-oliveira/.pico-sdk/sdk/2.1.0/lib/tinyusb/src/device/usbd_control.c.o
                0x10005ef8                tud_control_status
 .text.tud_control_xfer
                0x10005f24       0xac CMakeFiles/user_input.dir/home/daniel-oliveira/.pico-sdk/sdk/2.1.0/lib/tinyusb/src/device/usbd_control.c.o
                0x10005f24                tud_control_xfer
 .text.usbd_control_reset
                0x10005fd0       0x14 CMakeFiles/user_input.dir/home/daniel-oliveira/.pico-sdk/sdk/2.1.0/lib/tinyusb/src/device/usbd_control.c.o
                0x10005fd0                usbd_control_reset
 .text.usbd_control_set_complete_callback
                0x10005fe4        0xc CMakeFiles/user_input.dir/home/daniel-oliveira/.pico-sdk/sdk/2.1.0/lib/tinyusb/src/device/usbd_control.c.o
                0x10005fe4                usbd_control_set_complete_callback
 .text.usbd_control_set_request
                0x10005ff0       0x1c CMakeFiles/user_input.dir/home/daniel-oliveira/.pico-sdk/sdk/2.1.0/lib/tinyusb/src/device/usbd_control.c.o
                0x10005ff0                usbd_control_set_request
 .text.usbd_control_xfer_cb
                0x1000600c       0xec CMakeFiles/user_input.dir/home/daniel-oliveira/.pico-sdk/sdk/2.1.0/lib/tinyusb/src/device/usbd_control.c.o
                0x1000600c                usbd_control_xfer_cb
 .text._prep_out_transaction.isra.0
                0x100060f8       0x5c CMakeFiles/user_input.dir/home/daniel-oliveira/.pico-sdk/sdk/2.1.0/lib/tinyusb/src/class/cdc/cdc_device.c.o
 .text.tud_cdc_n_connected
                0x10006154       0x30 CMakeFiles/user_input.dir/home/daniel-oliveira/.pico-sdk/sdk/2.1.0/lib/tinyusb/src/class/cdc/cdc_device.c.o
                0x10006154                tud_cdc_n_connected
 .text.tud_cdc_n_available
                0x10006184       0x18 CMakeFiles/user_input.dir/home/daniel-oliveira/.pico-sdk/sdk/2.1.0/lib/tinyusb/src/class/cdc/cdc_device.c.o
                0x10006184                tud_cdc_n_available
 .text.tud_cdc_n_read
                0x1000619c       0x98 CMakeFiles/user_input.dir/home/daniel-oliveira/.pico-sdk/sdk/2.1.0/lib/tinyusb/src/class/cdc/cdc_device.c.o
                0x1000619c                tud_cdc_n_read
 .text.tud_cdc_n_write_flush
                0x10006234       0x78 CMakeFiles/user_input.dir/home/daniel-oliveira/.pico-sdk/sdk/2.1.0/lib/tinyusb/src/class/cdc/cdc_device.c.o
                0x10006234                tud_cdc_n_write_flush
 .text.tud_cdc_n_write
                0x100062ac       0x40 CMakeFiles/user_input.dir/home/daniel-oliveira/.pico-sdk/sdk/2.1.0/lib/tinyusb/src/class/cdc/cdc_device.c.o
                0x100062ac                tud_cdc_n_write
 .text.tud_cdc_n_write_available
                0x100062ec       0x18 CMakeFiles/user_input.dir/home/daniel-oliveira/.pico-sdk/sdk/2.1.0/lib/tinyusb/src/class/cdc/cdc_device.c.o
                0x100062ec                tud_cdc_n_write_available
 .text.cdcd_init
                0x10006304       0x7c CMakeFiles/user_input.dir/home/daniel-oliveira/.pico-sdk/sdk/2.1.0/lib/tinyusb/src/class/cdc/cdc_device.c.o
                0x10006304                cdcd_init
 .text.cdcd_deinit
                0x10006380       0x34 CMakeFiles/user_input.dir/home/daniel-oliveira/.pico-sdk/sdk/2.1.0/lib/tinyusb/src/class/cdc/cdc_device.c.o
                0x10006380                cdcd_deinit
 .text.cdcd_reset
                0x100063b4       0x4c CMakeFiles/user_input.dir/home/daniel-oliveira/.pico-sdk/sdk/2.1.0/lib/tinyusb/src/class/cdc/cdc_device.c.o
                0x100063b4                cdcd_reset
 .text.cdcd_open
                0x10006400       0xb0 CMakeFiles/user_input.dir/home/daniel-oliveira/.pico-sdk/sdk/2.1.0/lib/tinyusb/src/class/cdc/cdc_device.c.o
                0x10006400                cdcd_open
 .text.cdcd_control_xfer_cb
                0x100064b0       0xe4 CMakeFiles/user_input.dir/home/daniel-oliveira/.pico-sdk/sdk/2.1.0/lib/tinyusb/src/class/cdc/cdc_device.c.o
                0x100064b0                cdcd_control_xfer_cb
 .text.cdcd_xfer_cb
                0x10006594      0x100 CMakeFiles/user_input.dir/home/daniel-oliveira/.pico-sdk/sdk/2.1.0/lib/tinyusb/src/class/cdc/cdc_device.c.o
                0x10006594                cdcd_xfer_cb
 .text.vendord_init
                0x10006694       0x5c CMakeFiles/user_input.dir/home/daniel-oliveira/.pico-sdk/sdk/2.1.0/lib/tinyusb/src/class/vendor/vendor_device.c.o
                0x10006694                vendord_init
 .text.vendord_deinit
                0x100066f0       0x1c CMakeFiles/user_input.dir/home/daniel-oliveira/.pico-sdk/sdk/2.1.0/lib/tinyusb/src/class/vendor/vendor_device.c.o
                0x100066f0                vendord_deinit
 .text.vendord_reset
                0x1000670c       0x20 CMakeFiles/user_input.dir/home/daniel-oliveira/.pico-sdk/sdk/2.1.0/lib/tinyusb/src/class/vendor/vendor_device.c.o
                0x1000670c                vendord_reset
 .text.vendord_open
                0x1000672c      0x138 CMakeFiles/user_input.dir/home/daniel-oliveira/.pico-sdk/sdk/2.1.0/lib/tinyusb/src/class/vendor/vendor_device.c.o
                0x1000672c                vendord_open
 .text.vendord_xfer_cb
                0x10006864       0x9c CMakeFiles/user_input.dir/home/daniel-oliveira/.pico-sdk/sdk/2.1.0/lib/tinyusb/src/class/vendor/vendor_device.c.o
                0x10006864                vendord_xfer_cb
 .text.tusb_init
                0x10006900        0xc CMakeFiles/user_input.dir/home/daniel-oliveira/.pico-sdk/sdk/2.1.0/lib/tinyusb/src/tusb.c.o
                0x10006900                tusb_init
 .text.tu_edpt_claim
                0x1000690c       0x50 CMakeFiles/user_input.dir/home/daniel-oliveira/.pico-sdk/sdk/2.1.0/lib/tinyusb/src/tusb.c.o
                0x1000690c                tu_edpt_claim
 .text.tu_edpt_release
                0x1000695c       0x38 CMakeFiles/user_input.dir/home/daniel-oliveira/.pico-sdk/sdk/2.1.0/lib/tinyusb/src/tusb.c.o
                0x1000695c                tu_edpt_release
 .text.tu_edpt_validate
                0x10006994       0x7c CMakeFiles/user_input.dir/home/daniel-oliveira/.pico-sdk/sdk/2.1.0/lib/tinyusb/src/tusb.c.o
                0x10006994                tu_edpt_validate
 .text.tu_edpt_bind_driver
                0x10006a10       0x34 CMakeFiles/user_input.dir/home/daniel-oliveira/.pico-sdk/sdk/2.1.0/lib/tinyusb/src/tusb.c.o
                0x10006a10                tu_edpt_bind_driver
 .text.tu_edpt_stream_init
                0x10006a44       0x6c CMakeFiles/user_input.dir/home/daniel-oliveira/.pico-sdk/sdk/2.1.0/lib/tinyusb/src/tusb.c.o
                0x10006a44                tu_edpt_stream_init
 .text.tu_edpt_stream_deinit
                0x10006ab0        0x4 CMakeFiles/user_input.dir/home/daniel-oliveira/.pico-sdk/sdk/2.1.0/lib/tinyusb/src/tusb.c.o
                0x10006ab0                tu_edpt_stream_deinit
 .text.tu_edpt_stream_write_zlp_if_needed
                0x10006ab4       0x68 CMakeFiles/user_input.dir/home/daniel-oliveira/.pico-sdk/sdk/2.1.0/lib/tinyusb/src/tusb.c.o
                0x10006ab4                tu_edpt_stream_write_zlp_if_needed
 .text.tu_edpt_stream_write_xfer
                0x10006b1c       0x64 CMakeFiles/user_input.dir/home/daniel-oliveira/.pico-sdk/sdk/2.1.0/lib/tinyusb/src/tusb.c.o
                0x10006b1c                tu_edpt_stream_write_xfer
 .text.tu_edpt_stream_read_xfer
                0x10006b80       0xdc CMakeFiles/user_input.dir/home/daniel-oliveira/.pico-sdk/sdk/2.1.0/lib/tinyusb/src/tusb.c.o
                0x10006b80                tu_edpt_stream_read_xfer
 .text.tu_fifo_config
                0x10006c5c       0x6c CMakeFiles/user_input.dir/home/daniel-oliveira/.pico-sdk/sdk/2.1.0/lib/tinyusb/src/common/tusb_fifo.c.o
                0x10006c5c                tu_fifo_config
 .text.tu_fifo_count
                0x10006cc8       0x2c CMakeFiles/user_input.dir/home/daniel-oliveira/.pico-sdk/sdk/2.1.0/lib/tinyusb/src/common/tusb_fifo.c.o
                0x10006cc8                tu_fifo_count
 .text.tu_fifo_empty
                0x10006cf4       0x10 CMakeFiles/user_input.dir/home/daniel-oliveira/.pico-sdk/sdk/2.1.0/lib/tinyusb/src/common/tusb_fifo.c.o
                0x10006cf4                tu_fifo_empty
 .text.tu_fifo_remaining
                0x10006d04       0x2c CMakeFiles/user_input.dir/home/daniel-oliveira/.pico-sdk/sdk/2.1.0/lib/tinyusb/src/common/tusb_fifo.c.o
                0x10006d04                tu_fifo_remaining
 .text.tu_fifo_read
                0x10006d30       0x9c CMakeFiles/user_input.dir/home/daniel-oliveira/.pico-sdk/sdk/2.1.0/lib/tinyusb/src/common/tusb_fifo.c.o
                0x10006d30                tu_fifo_read
 .text.tu_fifo_read_n
                0x10006dcc       0xe8 CMakeFiles/user_input.dir/home/daniel-oliveira/.pico-sdk/sdk/2.1.0/lib/tinyusb/src/common/tusb_fifo.c.o
                0x10006dcc                tu_fifo_read_n
 .text.tu_fifo_write
                0x10006eb4       0xa8 CMakeFiles/user_input.dir/home/daniel-oliveira/.pico-sdk/sdk/2.1.0/lib/tinyusb/src/common/tusb_fifo.c.o
                0x10006eb4                tu_fifo_write
 .text.tu_fifo_write_n
                0x10006f5c      0x178 CMakeFiles/user_input.dir/home/daniel-oliveira/.pico-sdk/sdk/2.1.0/lib/tinyusb/src/common/tusb_fifo.c.o
                0x10006f5c                tu_fifo_write_n
 .text.tu_fifo_clear
                0x100070d4       0x40 CMakeFiles/user_input.dir/home/daniel-oliveira/.pico-sdk/sdk/2.1.0/lib/tinyusb/src/common/tusb_fifo.c.o
                0x100070d4                tu_fifo_clear
 .text.tu_fifo_set_overwritable
                0x10007114       0x48 CMakeFiles/user_input.dir/home/daniel-oliveira/.pico-sdk/sdk/2.1.0/lib/tinyusb/src/common/tusb_fifo.c.o
                0x10007114                tu_fifo_set_overwritable
 .text.i2c_write_blocking_internal.constprop.0
                0x1000715c       0xd0 CMakeFiles/user_input.dir/home/daniel-oliveira/.pico-sdk/sdk/2.1.0/src/rp2_common/hardware_i2c/i2c.c.o
 .text.i2c_set_baudrate
                0x1000722c       0xc0 CMakeFiles/user_input.dir/home/daniel-oliveira/.pico-sdk/sdk/2.1.0/src/rp2_common/hardware_i2c/i2c.c.o
                0x1000722c                i2c_set_baudrate
 .text.i2c_init
                0x100072ec       0x50 CMakeFiles/user_input.dir/home/daniel-oliveira/.pico-sdk/sdk/2.1.0/src/rp2_common/hardware_i2c/i2c.c.o
                0x100072ec                i2c_init
 .text.i2c_write_blocking
                0x1000733c       0x14 CMakeFiles/user_input.dir/home/daniel-oliveira/.pico-sdk/sdk/2.1.0/src/rp2_common/hardware_i2c/i2c.c.o
                0x1000733c                i2c_write_blocking
 .text.pio_claim_unused_sm
                0x10007350       0x38 CMakeFiles/user_input.dir/home/daniel-oliveira/.pico-sdk/sdk/2.1.0/src/rp2_common/hardware_pio/pio.c.o
                0x10007350                pio_claim_unused_sm
 .text.pio_add_program
                0x10007388      0x104 CMakeFiles/user_input.dir/home/daniel-oliveira/.pico-sdk/sdk/2.1.0/src/rp2_common/hardware_pio/pio.c.o
                0x10007388                pio_add_program
 .text.pio_sm_set_consecutive_pindirs
                0x1000748c       0xb4 CMakeFiles/user_input.dir/home/daniel-oliveira/.pico-sdk/sdk/2.1.0/src/rp2_common/hardware_pio/pio.c.o
                0x1000748c                pio_sm_set_consecutive_pindirs
 .text.pio_sm_init
                0x10007540       0x9c CMakeFiles/user_input.dir/home/daniel-oliveira/.pico-sdk/sdk/2.1.0/src/rp2_common/hardware_pio/pio.c.o
                0x10007540                pio_sm_init
 .text.strlen   0x100075dc       0x5c /home/daniel-oliveira/.pico-sdk/toolchain/13_3_Rel1/bin/../lib/gcc/arm-none-eabi/13.3.1/../../../../arm-none-eabi/lib/thumb/v6-m/nofp/libg.a(libc_a-strlen-stub.o)
                0x100075dc                strlen
 .text.malloc   0x10007638       0x14 /home/daniel-oliveira/.pico-sdk/toolchain/13_3_Rel1/bin/../lib/gcc/arm-none-eabi/13.3.1/../../../../arm-none-eabi/lib/thumb/v6-m/nofp/libg.a(libc_a-malloc.o)
                0x10007638                malloc
 .text.free     0x1000764c       0x14 /home/daniel-oliveira/.pico-sdk/toolchain/13_3_Rel1/bin/../lib/gcc/arm-none-eabi/13.3.1/../../../../arm-none-eabi/lib/thumb/v6-m/nofp/libg.a(libc_a-malloc.o)
                0x1000764c                free
 .text._malloc_r
                0x10007660      0x5c4 /home/daniel-oliveira/.pico-sdk/toolchain/13_3_Rel1/bin/../lib/gcc/arm-none-eabi/13.3.1/../../../../arm-none-eabi/lib/thumb/v6-m/nofp/libg.a(libc_a-mallocr.o)
                0x10007660                _malloc_r
 .text._sbrk_r  0x10007c24       0x24 /home/daniel-oliveira/.pico-sdk/toolchain/13_3_Rel1/bin/../lib/gcc/arm-none-eabi/13.3.1/../../../../arm-none-eabi/lib/thumb/v6-m/nofp/libg.a(libc_a-sbrkr.o)
                0x10007c24                _sbrk_r
 .text.time     0x10007c48       0x38 /home/daniel-oliveira/.pico-sdk/toolchain/13_3_Rel1/bin/../lib/gcc/arm-none-eabi/13.3.1/../../../../arm-none-eabi/lib/thumb/v6-m/nofp/libg.a(libc_a-time.o)
                0x10007c48                time
 .text.__malloc_lock
                0x10007c80       0x10 /home/daniel-oliveira/.pico-sdk/toolchain/13_3_Rel1/bin/../lib/gcc/arm-none-eabi/13.3.1/../../../../arm-none-eabi/lib/thumb/v6-m/nofp/libg.a(libc_a-mlock.o)
                0x10007c80                __malloc_lock
 .text.__malloc_unlock
                0x10007c90       0x10 /home/daniel-oliveira/.pico-sdk/toolchain/13_3_Rel1/bin/../lib/gcc/arm-none-eabi/13.3.1/../../../../arm-none-eabi/lib/thumb/v6-m/nofp/libg.a(libc_a-mlock.o)
                0x10007c90                __malloc_unlock
 .text.srand    0x10007ca0       0x14 /home/daniel-oliveira/.pico-sdk/toolchain/13_3_Rel1/bin/../lib/gcc/arm-none-eabi/13.3.1/../../../../arm-none-eabi/lib/thumb/v6-m/nofp/libg.a(libc_a-rand.o)
                0x10007ca0                srand
 .text.rand     0x10007cb4       0x34 /home/daniel-oliveira/.pico-sdk/toolchain/13_3_Rel1/bin/../lib/gcc/arm-none-eabi/13.3.1/../../../../arm-none-eabi/lib/thumb/v6-m/nofp/libg.a(libc_a-rand.o)
                0x10007cb4                rand
 .text.__retarget_lock_acquire_recursive
                0x10007ce8        0x4 /home/daniel-oliveira/.pico-sdk/toolchain/13_3_Rel1/bin/../lib/gcc/arm-none-eabi/13.3.1/../../../../arm-none-eabi/lib/thumb/v6-m/nofp/libg.a(libc_a-lock.o)
                0x10007ce8                __retarget_lock_acquire_recursive
 .text.__retarget_lock_release_recursive
                0x10007cec        0x4 /home/daniel-oliveira/.pico-sdk/toolchain/13_3_Rel1/bin/../lib/gcc/arm-none-eabi/13.3.1/../../../../arm-none-eabi/lib/thumb/v6-m/nofp/libg.a(libc_a-lock.o)
                0x10007cec                __retarget_lock_release_recursive
 .text.sysconf  0x10007cf0       0x1c /home/daniel-oliveira/.pico-sdk/toolchain/13_3_Rel1/bin/../lib/gcc/arm-none-eabi/13.3.1/../../../../arm-none-eabi/lib/thumb/v6-m/nofp/libg.a(libc_a-sysconf.o)
                0x10007cf0                sysconf
 .text._malloc_trim_r
                0x10007d0c       0xb4 /home/daniel-oliveira/.pico-sdk/toolchain/13_3_Rel1/bin/../lib/gcc/arm-none-eabi/13.3.1/../../../../arm-none-eabi/lib/thumb/v6-m/nofp/libg.a(libc_a-freer.o)
                0x10007d0c                _malloc_trim_r
 .text._free_r  0x10007dc0      0x1d4 /home/daniel-oliveira/.pico-sdk/toolchain/13_3_Rel1/bin/../lib/gcc/arm-none-eabi/13.3.1/../../../../arm-none-eabi/lib/thumb/v6-m/nofp/libg.a(libc_a-freer.o)
                0x10007dc0                _free_r
 .text._gettimeofday_r
                0x10007f94       0x28 /home/daniel-oliveira/.pico-sdk/toolchain/13_3_Rel1/bin/../lib/gcc/arm-none-eabi/13.3.1/../../../../arm-none-eabi/lib/thumb/v6-m/nofp/libg.a(libc_a-gettimeofdayr.o)
                0x10007f94                _gettimeofday_r
 .text.__errno  0x10007fbc        0xc /home/daniel-oliveira/.pico-sdk/toolchain/13_3_Rel1/bin/../lib/gcc/arm-none-eabi/13.3.1/../../../../arm-none-eabi/lib/thumb/v6-m/nofp/libg.a(libc_a-errno.o)
                0x10007fbc                __errno
 *(.fini)
 .fini          0x10007fc8        0x4 /home/daniel-oliveira/.pico-sdk/toolchain/13_3_Rel1/bin/../lib/gcc/arm-none-eabi/13.3.1/thumb/v6-m/nofp/crti.o
                0x10007fc8                _fini
 *fill*         0x10007fcc        0x4 
 .fini.__stub   0x10007fd0       0xc0 linker stubs
 *crtbegin.o(.ctors)
 *crtbegin?.o(.ctors)
 *(EXCLUDE_FILE(*crtend.o *crtend?.o) .ctors)
 *(SORT_BY_NAME(.ctors.*))
 *(.ctors)
 *crtbegin.o(.dtors)
 *crtbegin?.o(.dtors)
 *(EXCLUDE_FILE(*crtend.o *crtend?.o) .dtors)
 *(SORT_BY_NAME(.dtors.*))
 *(.dtors)
                0x10008090                        . = ALIGN (0x4)
                0x10008090                        PROVIDE (__preinit_array_start = .)
 *(SORT_BY_NAME(.preinit_array.*))
 .preinit_array.00100
                0x10008090        0x4 CMakeFiles/user_input.dir/home/daniel-oliveira/.pico-sdk/sdk/2.1.0/src/rp2_common/pico_runtime_init/runtime_init.c.o
                0x10008090                __pre_init_runtime_init_early_resets
 .preinit_array.00101
                0x10008094        0x4 CMakeFiles/user_input.dir/home/daniel-oliveira/.pico-sdk/sdk/2.1.0/src/rp2_common/pico_runtime_init/runtime_init.c.o
                0x10008094                __pre_init_runtime_init_usb_power_down
 .preinit_array.00275
                0x10008098        0x4 CMakeFiles/user_input.dir/home/daniel-oliveira/.pico-sdk/sdk/2.1.0/src/rp2_common/pico_bit_ops/bit_ops_aeabi.S.o
 .preinit_array.00300
                0x1000809c        0x4 CMakeFiles/user_input.dir/home/daniel-oliveira/.pico-sdk/sdk/2.1.0/src/rp2_common/pico_mem_ops/mem_ops_aeabi.S.o
 .preinit_array.00350
                0x100080a0        0x4 CMakeFiles/user_input.dir/home/daniel-oliveira/.pico-sdk/sdk/2.1.0/src/rp2_common/pico_double/double_aeabi_rp2040.S.o
 .preinit_array.00350
                0x100080a4        0x4 CMakeFiles/user_input.dir/home/daniel-oliveira/.pico-sdk/sdk/2.1.0/src/rp2_common/pico_float/float_aeabi_rp2040.S.o
 .preinit_array.00500
                0x100080a8        0x4 CMakeFiles/user_input.dir/home/daniel-oliveira/.pico-sdk/sdk/2.1.0/src/rp2_common/pico_runtime_init/runtime_init.c.o
                0x100080a8                __pre_init_runtime_init_clocks
 .preinit_array.00600
                0x100080ac        0x4 CMakeFiles/user_input.dir/home/daniel-oliveira/.pico-sdk/sdk/2.1.0/src/rp2_common/pico_runtime_init/runtime_init.c.o
                0x100080ac                __pre_init_runtime_init_post_clock_resets
 .preinit_array.00700
                0x100080b0        0x4 CMakeFiles/user_input.dir/home/daniel-oliveira/.pico-sdk/sdk/2.1.0/src/rp2_common/pico_runtime_init/runtime_init.c.o
                0x100080b0                __pre_init_runtime_init_rp2040_gpio_ie_disable
 .preinit_array.01000
                0x100080b4        0x4 CMakeFiles/user_input.dir/home/daniel-oliveira/.pico-sdk/sdk/2.1.0/src/rp2_common/pico_runtime_init/runtime_init.c.o
                0x100080b4                __pre_init_runtime_init_spin_locks_reset
 .preinit_array.01100
                0x100080b8        0x4 CMakeFiles/user_input.dir/home/daniel-oliveira/.pico-sdk/sdk/2.1.0/src/common/pico_sync/mutex.c.o
                0x100080b8                __pre_init_runtime_init_mutex
 .preinit_array.10080
                0x100080bc        0x4 CMakeFiles/user_input.dir/home/daniel-oliveira/.pico-sdk/sdk/2.1.0/src/rp2_common/pico_runtime_init/runtime_init.c.o
                0x100080bc                __pre_init_runtime_init_install_ram_vector_table
 .preinit_array.11000
                0x100080c0        0x4 CMakeFiles/user_input.dir/home/daniel-oliveira/.pico-sdk/sdk/2.1.0/src/common/pico_time/time.c.o
                0x100080c0                __pre_init_runtime_init_default_alarm_pool
 .preinit_array.YYYYY
                0x100080c4        0x4 CMakeFiles/user_input.dir/home/daniel-oliveira/.pico-sdk/sdk/2.1.0/src/rp2_common/pico_runtime/runtime.c.o
                0x100080c4                __pre_init_first_per_core_initializer
 .preinit_array.ZZZZZ.01200
                0x100080c8        0x4 CMakeFiles/user_input.dir/home/daniel-oliveira/.pico-sdk/sdk/2.1.0/src/rp2_common/hardware_irq/irq.c.o
                0x100080c8                __pre_init_runtime_init_per_core_irq_priorities
 *(.preinit_array)
                0x100080cc                        PROVIDE (__preinit_array_end = .)
                0x100080cc                        . = ALIGN (0x4)
                0x100080cc                        PROVIDE (__init_array_start = .)
 *(SORT_BY_NAME(.init_array.*))
 *(.init_array)
 .init_array    0x100080cc        0x4 /home/daniel-oliveira/.pico-sdk/toolchain/13_3_Rel1/bin/../lib/gcc/arm-none-eabi/13.3.1/thumb/v6-m/nofp/crtbegin.o
 .init_array    0x100080d0        0x4 CMakeFiles/user_input.dir/home/daniel-oliveira/.pico-sdk/sdk/2.1.0/src/rp2_common/pico_unique_id/unique_id.c.o
                0x100080d4                        PROVIDE (__init_array_end = .)
                0x100080d4                        . = ALIGN (0x4)
                [!provide]                        PROVIDE (__fini_array_start = .)
 *(SORT_BY_NAME(.fini_array.*))
 *(.fini_array)
                [!provide]                        PROVIDE (__fini_array_end = .)
 *(.eh_frame*)
 .eh_frame      0x100080d4        0x0 /home/daniel-oliveira/.pico-sdk/toolchain/13_3_Rel1/bin/../lib/gcc/arm-none-eabi/13.3.1/thumb/v6-m/nofp/crtbegin.o
                0x100080d4                        . = ALIGN (0x4)

.glue_7         0x100080d4        0x0
 .glue_7        0x100080d4        0x0 linker stubs

.glue_7t        0x100080d4        0x0
 .glue_7t       0x100080d4        0x0 linker stubs

.vfp11_veneer   0x100080d4        0x0
 .vfp11_veneer  0x100080d4        0x0 linker stubs

.v4_bx          0x100080d4        0x0
 .v4_bx         0x100080d4        0x0 linker stubs

.iplt           0x100080d4        0x0
 .iplt          0x100080d4        0x0 /home/daniel-oliveira/.pico-sdk/toolchain/13_3_Rel1/bin/../lib/gcc/arm-none-eabi/13.3.1/thumb/v6-m/nofp/crtbegin.o

.rodata         0x100080d8      0x8f0
 *(EXCLUDE_FILE(*libm.a: *libc.a:*lib_a-mem*.o *libgcc.a:) .rodata*)
 .rodata.game_over.str1.4
                0x100080d8      0x1e8 CMakeFiles/user_input.dir/user_input.c.o
                                 0x1b (size before relaxing)
 .rodata.main.str1.4
                0x100082c0        0xa CMakeFiles/user_input.dir/user_input.c.o
 .rodata.font   0x100082c0      0x128 CMakeFiles/user_input.dir/inc/ssd1306_i2c.c.o
 .rodata        0x100083e8       0x1a CMakeFiles/user_input.dir/inc/ssd1306_i2c.c.o
 *fill*         0x10008402        0x2 
 .rodata.ws2818b_program
                0x10008404        0x8 CMakeFiles/user_input.dir/matrix_led.c.o
 .rodata.ws2818b_program_instructions
                0x1000840c        0x8 CMakeFiles/user_input.dir/matrix_led.c.o
 .rodata.panic.str1.4
                0x10008414       0x12 CMakeFiles/user_input.dir/home/daniel-oliveira/.pico-sdk/sdk/2.1.0/src/rp2_common/pico_platform_panic/panic.c.o
 .rodata.spin_lock_claim_unused.str1.4
                0x10008414       0x1b CMakeFiles/user_input.dir/home/daniel-oliveira/.pico-sdk/sdk/2.1.0/src/rp2_common/hardware_sync/sync.c.o
 .rodata.user_irq_claim_unused.str1.4
                0x10008414       0x1b CMakeFiles/user_input.dir/home/daniel-oliveira/.pico-sdk/sdk/2.1.0/src/rp2_common/hardware_irq/irq.c.o
 .rodata.timer_hardware_alarm_claim.str1.4
                0x10008414       0x22 CMakeFiles/user_input.dir/home/daniel-oliveira/.pico-sdk/sdk/2.1.0/src/rp2_common/hardware_timer/timer.c.o
 .rodata.hard_assertion_failure.str1.4
                0x10008414        0xc CMakeFiles/user_input.dir/home/daniel-oliveira/.pico-sdk/sdk/2.1.0/src/rp2_common/pico_runtime/runtime.c.o
 .rodata.missing_double_func_shim.str1.4
                0x10008414       0x18 CMakeFiles/user_input.dir/home/daniel-oliveira/.pico-sdk/sdk/2.1.0/src/rp2_common/pico_double/double_init_rom_rp2040.c.o
 .rodata.missing_float_func_shim.str1.4
                0x10008414        0x1 CMakeFiles/user_input.dir/home/daniel-oliveira/.pico-sdk/sdk/2.1.0/src/rp2_common/pico_float/float_init_rom_rp2040.c.o
 .rodata.__wrap_malloc.str1.4
                0x10008414        0xe CMakeFiles/user_input.dir/home/daniel-oliveira/.pico-sdk/sdk/2.1.0/src/rp2_common/pico_malloc/malloc.c.o
 .rodata.str1.4
                0x10008414       0x44 CMakeFiles/user_input.dir/home/daniel-oliveira/.pico-sdk/sdk/2.1.0/src/rp2_common/pico_standard_binary_info/standard_binary_info.c.o
 .rodata.__bi_84
                0x10008414        0xc CMakeFiles/user_input.dir/home/daniel-oliveira/.pico-sdk/sdk/2.1.0/src/rp2_common/pico_standard_binary_info/standard_binary_info.c.o
 .rodata.__bi_78
                0x10008420        0xc CMakeFiles/user_input.dir/home/daniel-oliveira/.pico-sdk/sdk/2.1.0/src/rp2_common/pico_standard_binary_info/standard_binary_info.c.o
 .rodata.__bi_60
                0x1000842c        0xc CMakeFiles/user_input.dir/home/daniel-oliveira/.pico-sdk/sdk/2.1.0/src/rp2_common/pico_standard_binary_info/standard_binary_info.c.o
 .rodata.__bi_54
                0x10008438        0xc CMakeFiles/user_input.dir/home/daniel-oliveira/.pico-sdk/sdk/2.1.0/src/rp2_common/pico_standard_binary_info/standard_binary_info.c.o
 .rodata.__bi_48
                0x10008444        0xc CMakeFiles/user_input.dir/home/daniel-oliveira/.pico-sdk/sdk/2.1.0/src/rp2_common/pico_standard_binary_info/standard_binary_info.c.o
 .rodata.__bi_42
                0x10008450        0xc CMakeFiles/user_input.dir/home/daniel-oliveira/.pico-sdk/sdk/2.1.0/src/rp2_common/pico_standard_binary_info/standard_binary_info.c.o
 .rodata.__bi_34
                0x1000845c        0xc CMakeFiles/user_input.dir/home/daniel-oliveira/.pico-sdk/sdk/2.1.0/src/rp2_common/pico_standard_binary_info/standard_binary_info.c.o
 .rodata.__bi_26
                0x10008468        0xc CMakeFiles/user_input.dir/home/daniel-oliveira/.pico-sdk/sdk/2.1.0/src/rp2_common/pico_standard_binary_info/standard_binary_info.c.o
 .rodata._ftoa.str1.4
                0x10008474       0x15 CMakeFiles/user_input.dir/home/daniel-oliveira/.pico-sdk/sdk/2.1.0/src/rp2_common/pico_printf/printf.c.o
 .rodata._vsnprintf
                0x10008474      0x19c CMakeFiles/user_input.dir/home/daniel-oliveira/.pico-sdk/sdk/2.1.0/src/rp2_common/pico_printf/printf.c.o
 .rodata.pow10.0
                0x10008610       0x50 CMakeFiles/user_input.dir/home/daniel-oliveira/.pico-sdk/sdk/2.1.0/src/rp2_common/pico_printf/printf.c.o
 .rodata.crlf_str.0
                0x10008660        0x2 CMakeFiles/user_input.dir/home/daniel-oliveira/.pico-sdk/sdk/2.1.0/src/rp2_common/pico_stdio/stdio.c.o
 *fill*         0x10008662        0x2 
 .rodata._resetd_driver
                0x10008664       0x20 CMakeFiles/user_input.dir/home/daniel-oliveira/.pico-sdk/sdk/2.1.0/src/rp2_common/pico_stdio_usb/reset_interface.c.o
 .rodata.desc_ms_os_20
                0x10008684       0xa6 CMakeFiles/user_input.dir/home/daniel-oliveira/.pico-sdk/sdk/2.1.0/src/rp2_common/pico_stdio_usb/reset_interface.c.o
 *fill*         0x1000872a        0x2 
 .rodata.desc_bos
                0x1000872c       0x21 CMakeFiles/user_input.dir/home/daniel-oliveira/.pico-sdk/sdk/2.1.0/src/rp2_common/pico_stdio_usb/reset_interface.c.o
                0x1000872c                desc_bos
 .rodata.str1.4
                0x1000874d       0x13 CMakeFiles/user_input.dir/home/daniel-oliveira/.pico-sdk/sdk/2.1.0/src/rp2_common/pico_stdio_usb/stdio_usb.c.o
 *fill*         0x1000874d        0x3 
 .rodata.__bi_197.0
                0x10008750        0xc CMakeFiles/user_input.dir/home/daniel-oliveira/.pico-sdk/sdk/2.1.0/src/rp2_common/pico_stdio_usb/stdio_usb.c.o
 .rodata.str1.4
                0x1000875c       0x2a CMakeFiles/user_input.dir/home/daniel-oliveira/.pico-sdk/sdk/2.1.0/src/rp2_common/pico_stdio_usb/stdio_usb_descriptors.c.o
 .rodata.usbd_desc_str
                0x1000875c       0x18 CMakeFiles/user_input.dir/home/daniel-oliveira/.pico-sdk/sdk/2.1.0/src/rp2_common/pico_stdio_usb/stdio_usb_descriptors.c.o
 .rodata.usbd_desc_cfg
                0x10008774       0x54 CMakeFiles/user_input.dir/home/daniel-oliveira/.pico-sdk/sdk/2.1.0/src/rp2_common/pico_stdio_usb/stdio_usb_descriptors.c.o
 .rodata.usbd_desc_device
                0x100087c8       0x12 CMakeFiles/user_input.dir/home/daniel-oliveira/.pico-sdk/sdk/2.1.0/src/rp2_common/pico_stdio_usb/stdio_usb_descriptors.c.o
 .rodata.str1.4
                0x100087da       0x14 CMakeFiles/user_input.dir/home/daniel-oliveira/.pico-sdk/sdk/2.1.0/lib/tinyusb/src/portable/raspberrypi/rp2040/dcd_rp2040.c.o
 .rodata.str1.4
                0x100087da       0x48 CMakeFiles/user_input.dir/home/daniel-oliveira/.pico-sdk/sdk/2.1.0/lib/tinyusb/src/portable/raspberrypi/rp2040/rp2040_usb.c.o
 *fill*         0x100087da        0x2 
 .rodata.tud_task_ext
                0x100087dc       0x8c CMakeFiles/user_input.dir/home/daniel-oliveira/.pico-sdk/sdk/2.1.0/lib/tinyusb/src/device/usbd.c.o
 .rodata        0x10008868       0x1c CMakeFiles/user_input.dir/home/daniel-oliveira/.pico-sdk/sdk/2.1.0/lib/tinyusb/src/device/usbd.c.o
 .rodata._usbd_driver
                0x10008884       0x40 CMakeFiles/user_input.dir/home/daniel-oliveira/.pico-sdk/sdk/2.1.0/lib/tinyusb/src/device/usbd.c.o
 .rodata.pio_claim_unused_sm.str1.4
                0x100088c4       0x24 CMakeFiles/user_input.dir/home/daniel-oliveira/.pico-sdk/sdk/2.1.0/src/rp2_common/hardware_pio/pio.c.o
 .rodata._ctype_
                0x100088c4      0x101 /home/daniel-oliveira/.pico-sdk/toolchain/13_3_Rel1/bin/../lib/gcc/arm-none-eabi/13.3.1/../../../../arm-none-eabi/lib/thumb/v6-m/nofp/libg.a(libc_a-ctype_.o)
                0x100088c4                _ctype_
                0x100089c8                        . = ALIGN (0x4)
 *fill*         0x100089c5        0x3 
 *(SORT_BY_ALIGNMENT(SORT_BY_NAME(.flashdata*)))
                0x100089c8                        . = ALIGN (0x4)

.ARM.extab
 *(.ARM.extab* .gnu.linkonce.armextab.*)
                0x100089c8                        __exidx_start = .

.ARM.exidx
 *(.ARM.exidx* .gnu.linkonce.armexidx.*)
                0x100089c8                        __exidx_end = .
                0x100089c8                        . = ALIGN (0x4)
                0x100089c8                        __binary_info_start = .

.binary_info    0x100089c8       0x24
 *(.binary_info.keep.*)
 .binary_info.keep.__bi_ptr84
                0x100089c8        0x4 CMakeFiles/user_input.dir/home/daniel-oliveira/.pico-sdk/sdk/2.1.0/src/rp2_common/pico_standard_binary_info/standard_binary_info.c.o
 .binary_info.keep.__bi_ptr78
                0x100089cc        0x4 CMakeFiles/user_input.dir/home/daniel-oliveira/.pico-sdk/sdk/2.1.0/src/rp2_common/pico_standard_binary_info/standard_binary_info.c.o
 .binary_info.keep.__bi_ptr60
                0x100089d0        0x4 CMakeFiles/user_input.dir/home/daniel-oliveira/.pico-sdk/sdk/2.1.0/src/rp2_common/pico_standard_binary_info/standard_binary_info.c.o
 .binary_info.keep.__bi_ptr54
                0x100089d4        0x4 CMakeFiles/user_input.dir/home/daniel-oliveira/.pico-sdk/sdk/2.1.0/src/rp2_common/pico_standard_binary_info/standard_binary_info.c.o
 .binary_info.keep.__bi_ptr48
                0x100089d8        0x4 CMakeFiles/user_input.dir/home/daniel-oliveira/.pico-sdk/sdk/2.1.0/src/rp2_common/pico_standard_binary_info/standard_binary_info.c.o
 .binary_info.keep.__bi_ptr42
                0x100089dc        0x4 CMakeFiles/user_input.dir/home/daniel-oliveira/.pico-sdk/sdk/2.1.0/src/rp2_common/pico_standard_binary_info/standard_binary_info.c.o
 .binary_info.keep.__bi_ptr34
                0x100089e0        0x4 CMakeFiles/user_input.dir/home/daniel-oliveira/.pico-sdk/sdk/2.1.0/src/rp2_common/pico_standard_binary_info/standard_binary_info.c.o
 .binary_info.keep.__bi_ptr26
                0x100089e4        0x4 CMakeFiles/user_input.dir/home/daniel-oliveira/.pico-sdk/sdk/2.1.0/src/rp2_common/pico_standard_binary_info/standard_binary_info.c.o
 *(.binary_info.*)
 .binary_info.__bi_ptr197
                0x100089e8        0x4 CMakeFiles/user_input.dir/home/daniel-oliveira/.pico-sdk/sdk/2.1.0/src/rp2_common/pico_stdio_usb/stdio_usb.c.o
                0x100089ec                        __binary_info_end = .

.rel.dyn        0x100089ec        0x0
 .rel.iplt      0x100089ec        0x0 /home/daniel-oliveira/.pico-sdk/toolchain/13_3_Rel1/bin/../lib/gcc/arm-none-eabi/13.3.1/thumb/v6-m/nofp/crtbegin.o
                0x100089ec                        . = ALIGN (0x4)

.ram_vector_table
                0x20000000       0xc0
 *(.ram_vector_table)
 .ram_vector_table
                0x20000000       0xc0 CMakeFiles/user_input.dir/home/daniel-oliveira/.pico-sdk/sdk/2.1.0/src/rp2_common/pico_runtime_init/runtime_init.c.o
                0x20000000                ram_vector_table

.uninitialized_data
                0x200000c0        0x0
                0x200000c0                        . = ALIGN (0x4)
 *(.uninitialized_data*)

.data           0x200000c0     0x1508 load address 0x100089ec
                0x200000c0                        __data_start__ = .
 *(vtable)
 *(.time_critical*)
 .time_critical.mutex_try_enter
                0x200000c0       0x40 CMakeFiles/user_input.dir/home/daniel-oliveira/.pico-sdk/sdk/2.1.0/src/common/pico_sync/mutex.c.o
                0x200000c0                mutex_try_enter
 .time_critical.mutex_try_enter_block_until
                0x20000100       0x9c CMakeFiles/user_input.dir/home/daniel-oliveira/.pico-sdk/sdk/2.1.0/src/common/pico_sync/mutex.c.o
                0x20000100                mutex_try_enter_block_until
 .time_critical.mutex_enter_timeout_ms
                0x2000019c       0x90 CMakeFiles/user_input.dir/home/daniel-oliveira/.pico-sdk/sdk/2.1.0/src/common/pico_sync/mutex.c.o
                0x2000019c                mutex_enter_timeout_ms
 .time_critical.mutex_exit
                0x2000022c       0x28 CMakeFiles/user_input.dir/home/daniel-oliveira/.pico-sdk/sdk/2.1.0/src/common/pico_sync/mutex.c.o
                0x2000022c                mutex_exit
 .time_critical.flash_init_boot2_copyout
                0x20000254       0x30 CMakeFiles/user_input.dir/home/daniel-oliveira/.pico-sdk/sdk/2.1.0/src/rp2_common/hardware_flash/flash.c.o
 .time_critical.flash_enable_xip_via_boot2
                0x20000284        0xc CMakeFiles/user_input.dir/home/daniel-oliveira/.pico-sdk/sdk/2.1.0/src/rp2_common/hardware_flash/flash.c.o
 .time_critical.flash_cs_force
                0x20000290       0x38 CMakeFiles/user_input.dir/home/daniel-oliveira/.pico-sdk/sdk/2.1.0/src/rp2_common/hardware_flash/flash.c.o
 .time_critical.flash_do_cmd
                0x200002c8       0xc0 CMakeFiles/user_input.dir/home/daniel-oliveira/.pico-sdk/sdk/2.1.0/src/rp2_common/hardware_flash/flash.c.o
                0x200002c8                flash_do_cmd
 .time_critical.reset_non_control_endpoints
                0x20000388       0x68 CMakeFiles/user_input.dir/home/daniel-oliveira/.pico-sdk/sdk/2.1.0/lib/tinyusb/src/portable/raspberrypi/rp2040/dcd_rp2040.c.o
 .time_critical.hw_handle_buff_status
                0x200003f0       0xb0 CMakeFiles/user_input.dir/home/daniel-oliveira/.pico-sdk/sdk/2.1.0/lib/tinyusb/src/portable/raspberrypi/rp2040/dcd_rp2040.c.o
 .time_critical.dcd_rp2040_irq
                0x200004a0      0x578 CMakeFiles/user_input.dir/home/daniel-oliveira/.pico-sdk/sdk/2.1.0/lib/tinyusb/src/portable/raspberrypi/rp2040/dcd_rp2040.c.o
 .time_critical.prepare_ep_buffer
                0x20000a18       0xe0 CMakeFiles/user_input.dir/home/daniel-oliveira/.pico-sdk/sdk/2.1.0/lib/tinyusb/src/portable/raspberrypi/rp2040/rp2040_usb.c.o
 .time_critical.sync_ep_buffer
                0x20000af8       0xa8 CMakeFiles/user_input.dir/home/daniel-oliveira/.pico-sdk/sdk/2.1.0/lib/tinyusb/src/portable/raspberrypi/rp2040/rp2040_usb.c.o
 .time_critical._hw_endpoint_xfer_sync
                0x20000ba0       0x28 CMakeFiles/user_input.dir/home/daniel-oliveira/.pico-sdk/sdk/2.1.0/lib/tinyusb/src/portable/raspberrypi/rp2040/rp2040_usb.c.o
 .time_critical.e15_is_bulkin_ep
                0x20000bc8       0x28 CMakeFiles/user_input.dir/home/daniel-oliveira/.pico-sdk/sdk/2.1.0/lib/tinyusb/src/portable/raspberrypi/rp2040/rp2040_usb.c.o
 .time_critical.e15_is_critical_frame_period
                0x20000bf0       0x34 CMakeFiles/user_input.dir/home/daniel-oliveira/.pico-sdk/sdk/2.1.0/lib/tinyusb/src/portable/raspberrypi/rp2040/rp2040_usb.c.o
 .time_critical.hw_endpoint_reset_transfer
                0x20000c24        0xc CMakeFiles/user_input.dir/home/daniel-oliveira/.pico-sdk/sdk/2.1.0/lib/tinyusb/src/portable/raspberrypi/rp2040/rp2040_usb.c.o
                0x20000c24                hw_endpoint_reset_transfer
 .time_critical._hw_endpoint_buffer_control_update32
                0x20000c30       0x50 CMakeFiles/user_input.dir/home/daniel-oliveira/.pico-sdk/sdk/2.1.0/lib/tinyusb/src/portable/raspberrypi/rp2040/rp2040_usb.c.o
                0x20000c30                _hw_endpoint_buffer_control_update32
 .time_critical.hw_endpoint_start_next_buffer
                0x20000c80       0x6c CMakeFiles/user_input.dir/home/daniel-oliveira/.pico-sdk/sdk/2.1.0/lib/tinyusb/src/portable/raspberrypi/rp2040/rp2040_usb.c.o
                0x20000c80                hw_endpoint_start_next_buffer
 .time_critical.hw_endpoint_xfer_continue
                0x20000cec       0x40 CMakeFiles/user_input.dir/home/daniel-oliveira/.pico-sdk/sdk/2.1.0/lib/tinyusb/src/portable/raspberrypi/rp2040/rp2040_usb.c.o
                0x20000cec                hw_endpoint_xfer_continue
 .time_critical.tinyusb
                0x20000d2c      0x1e4 CMakeFiles/user_input.dir/home/daniel-oliveira/.pico-sdk/sdk/2.1.0/lib/tinyusb/src/device/usbd.c.o
                0x20000d2c                dcd_event_handler
 *(.text*)
 .text          0x20000f10        0x4 /home/daniel-oliveira/.pico-sdk/toolchain/13_3_Rel1/bin/../lib/gcc/arm-none-eabi/13.3.1/thumb/v6-m/nofp/libgcc.a(_dvmd_tls.o)
                0x20000f10                __aeabi_ldiv0
                0x20000f10                __aeabi_idiv0
 *fill*         0x20000f14        0x4 
 .text.__stub   0x20000f18       0x80 linker stubs
                0x20000f98                        . = ALIGN (0x4)
 *(.rodata*)
                0x20000f98                        . = ALIGN (0x4)
 *(.data*)
 .data.level    0x20000f98        0x4 CMakeFiles/user_input.dir/user_input.c.o
                0x20000f98                level
 .data.striped_spin_lock_num
                0x20000f9c        0x1 CMakeFiles/user_input.dir/home/daniel-oliveira/.pico-sdk/sdk/2.1.0/src/rp2_common/hardware_sync/sync.c.o
 *fill*         0x20000f9d        0x3 
 .data          0x20000fa0       0x48 CMakeFiles/user_input.dir/home/daniel-oliveira/.pico-sdk/sdk/2.1.0/src/rp2_common/hardware_irq/irq_handler_chain.S.o
                0x20000fa0                irq_handler_chain_slots
                0x20000fd0                irq_handler_chain_first_slot
                0x20000fda                irq_handler_chain_remove_tail
 .data.default_alarm_pool
                0x20000fe8       0x18 CMakeFiles/user_input.dir/home/daniel-oliveira/.pico-sdk/sdk/2.1.0/src/common/pico_time/time.c.o
 *fill*         0x20001000        0x0 
 .data.aeabi_bits_funcs
                0x20001000       0x10 CMakeFiles/user_input.dir/home/daniel-oliveira/.pico-sdk/sdk/2.1.0/src/rp2_common/pico_bit_ops/bit_ops_aeabi.S.o
                0x20001000                aeabi_bits_funcs
                0x20001010                aeabi_bits_funcs_end
 .data.aeabi_mem_funcs
                0x20001010       0x10 CMakeFiles/user_input.dir/home/daniel-oliveira/.pico-sdk/sdk/2.1.0/src/rp2_common/pico_mem_ops/mem_ops_aeabi.S.o
                0x20001010                aeabi_mem_funcs
                0x20001020                aeabi_mem_funcs_end
 .data.stdio_usb
                0x20001020       0x18 CMakeFiles/user_input.dir/home/daniel-oliveira/.pico-sdk/sdk/2.1.0/src/rp2_common/pico_stdio_usb/stdio_usb.c.o
                0x20001020                stdio_usb
 .data._usbd_qdef
                0x20001038       0x1c CMakeFiles/user_input.dir/home/daniel-oliveira/.pico-sdk/sdk/2.1.0/lib/tinyusb/src/device/usbd.c.o
                0x20001038                _usbd_qdef
 .data._usbd_rhport
                0x20001054        0x1 CMakeFiles/user_input.dir/home/daniel-oliveira/.pico-sdk/sdk/2.1.0/lib/tinyusb/src/device/usbd.c.o
 *fill*         0x20001055        0x3 
 .data.i2c1_inst
                0x20001058        0x8 CMakeFiles/user_input.dir/home/daniel-oliveira/.pico-sdk/sdk/2.1.0/src/rp2_common/hardware_i2c/i2c.c.o
                0x20001058                i2c1_inst
 .data.i2c0_inst
                0x20001060        0x8 CMakeFiles/user_input.dir/home/daniel-oliveira/.pico-sdk/sdk/2.1.0/src/rp2_common/hardware_i2c/i2c.c.o
                0x20001060                i2c0_inst
 .data.__malloc_sbrk_base
                0x20001068        0x4 /home/daniel-oliveira/.pico-sdk/toolchain/13_3_Rel1/bin/../lib/gcc/arm-none-eabi/13.3.1/../../../../arm-none-eabi/lib/thumb/v6-m/nofp/libg.a(libc_a-mallocr.o)
                0x20001068                __malloc_sbrk_base
 .data.__malloc_trim_threshold
                0x2000106c        0x4 /home/daniel-oliveira/.pico-sdk/toolchain/13_3_Rel1/bin/../lib/gcc/arm-none-eabi/13.3.1/../../../../arm-none-eabi/lib/thumb/v6-m/nofp/libg.a(libc_a-mallocr.o)
                0x2000106c                __malloc_trim_threshold
 .data.__malloc_av_
                0x20001070      0x408 /home/daniel-oliveira/.pico-sdk/toolchain/13_3_Rel1/bin/../lib/gcc/arm-none-eabi/13.3.1/../../../../arm-none-eabi/lib/thumb/v6-m/nofp/libg.a(libc_a-mallocr.o)
                0x20001070                __malloc_av_
 .data._impure_ptr
                0x20001478        0x4 /home/daniel-oliveira/.pico-sdk/toolchain/13_3_Rel1/bin/../lib/gcc/arm-none-eabi/13.3.1/../../../../arm-none-eabi/lib/thumb/v6-m/nofp/libg.a(libc_a-impure.o)
                0x20001478                _impure_ptr
 *fill*         0x2000147c        0x4 
 .data._impure_data
                0x20001480      0x140 /home/daniel-oliveira/.pico-sdk/toolchain/13_3_Rel1/bin/../lib/gcc/arm-none-eabi/13.3.1/../../../../arm-none-eabi/lib/thumb/v6-m/nofp/libg.a(libc_a-impure.o)
                0x20001480                _impure_data
                0x200015c0                        . = ALIGN (0x4)
 *(.after_data.*)
                0x200015c0                        . = ALIGN (0x4)
                0x200015c0                        PROVIDE (__mutex_array_start = .)
 *(SORT_BY_NAME(.mutex_array.*))
 *(.mutex_array)
 .mutex_array   0x200015c0        0x8 CMakeFiles/user_input.dir/home/daniel-oliveira/.pico-sdk/sdk/2.1.0/src/rp2_common/pico_stdio/stdio.c.o
                0x200015c8                        PROVIDE (__mutex_array_end = .)
                0x200015c8                        . = ALIGN (0x4)
 *(.jcr)
                0x200015c8                        . = ALIGN (0x4)

.tm_clone_table
                0x200015c8        0x0 load address 0x10009ef4
 .tm_clone_table
                0x200015c8        0x0 /home/daniel-oliveira/.pico-sdk/toolchain/13_3_Rel1/bin/../lib/gcc/arm-none-eabi/13.3.1/thumb/v6-m/nofp/crtbegin.o
 .tm_clone_table
                0x200015c8        0x0 /home/daniel-oliveira/.pico-sdk/toolchain/13_3_Rel1/bin/../lib/gcc/arm-none-eabi/13.3.1/thumb/v6-m/nofp/crtend.o

.igot.plt       0x200015c8        0x0 load address 0x10009ef4
 .igot.plt      0x200015c8        0x0 /home/daniel-oliveira/.pico-sdk/toolchain/13_3_Rel1/bin/../lib/gcc/arm-none-eabi/13.3.1/thumb/v6-m/nofp/crtbegin.o

.tdata          0x200015c8        0x0 load address 0x10009ef4
                0x200015c8                        . = ALIGN (0x4)
 *(.tdata .tdata.* .gnu.linkonce.td.*)
                0x200015c8                        __tdata_end = .
                0x200015c8                        PROVIDE (__data_end__ = .)
                0x100089ec                        __etext = LOADADDR (.data)

.tbss           0x200015c8        0x0 load address 0x10009ef4
                0x200015c8                        . = ALIGN (0x4)
                0x200015c8                        __bss_start__ = .
                0x200015c8                        __tls_base = .
 *(.tbss .tbss.* .gnu.linkonce.tb.*)
 *(.tcommon)
                0x200015c8                        __tls_end = .

.bss            0x200015c8     0x1588 load address 0x10009ef4
                0x200015c8                        . = ALIGN (0x4)
                0x200015c8                        __tbss_end = .
 *(SORT_BY_ALIGNMENT(SORT_BY_NAME(.bss*)))
 .bss.default_alarm_pool_entries
                0x200015c8      0x180 CMakeFiles/user_input.dir/home/daniel-oliveira/.pico-sdk/sdk/2.1.0/src/common/pico_time/time.c.o
 .bss.epoch_time_us_since_boot
                0x20001748        0x8 CMakeFiles/user_input.dir/home/daniel-oliveira/.pico-sdk/sdk/2.1.0/src/rp2_common/pico_clib_interface/newlib_interface.c.o
 .bss.last_avail_time.1
                0x20001750        0x8 CMakeFiles/user_input.dir/home/daniel-oliveira/.pico-sdk/sdk/2.1.0/src/rp2_common/pico_stdio_usb/stdio_usb.c.o
 .bss.sd_table  0x20001758      0x100 CMakeFiles/user_input.dir/home/daniel-oliveira/.pico-sdk/sdk/2.1.0/src/rp2_common/pico_double/double_init_rom_rp2040.c.o
                0x20001758                sd_table
 .bss.__lock___malloc_recursive_mutex
                0x20001858        0x1 /home/daniel-oliveira/.pico-sdk/toolchain/13_3_Rel1/bin/../lib/gcc/arm-none-eabi/13.3.1/../../../../arm-none-eabi/lib/thumb/v6-m/nofp/libg.a(libc_a-lock.o)
                0x20001858                __lock___malloc_recursive_mutex
 *fill*         0x20001859        0x3 
 .bss.__malloc_current_mallinfo
                0x2000185c       0x28 /home/daniel-oliveira/.pico-sdk/toolchain/13_3_Rel1/bin/../lib/gcc/arm-none-eabi/13.3.1/../../../../arm-none-eabi/lib/thumb/v6-m/nofp/libg.a(libc_a-mallocr.o)
                0x2000185c                __malloc_current_mallinfo
 .bss.__malloc_max_sbrked_mem
                0x20001884        0x4 /home/daniel-oliveira/.pico-sdk/toolchain/13_3_Rel1/bin/../lib/gcc/arm-none-eabi/13.3.1/../../../../arm-none-eabi/lib/thumb/v6-m/nofp/libg.a(libc_a-mallocr.o)
                0x20001884                __malloc_max_sbrked_mem
 .bss.__malloc_max_total_mem
                0x20001888        0x4 /home/daniel-oliveira/.pico-sdk/toolchain/13_3_Rel1/bin/../lib/gcc/arm-none-eabi/13.3.1/../../../../arm-none-eabi/lib/thumb/v6-m/nofp/libg.a(libc_a-mallocr.o)
                0x20001888                __malloc_max_total_mem
 .bss.__malloc_top_pad
                0x2000188c        0x4 /home/daniel-oliveira/.pico-sdk/toolchain/13_3_Rel1/bin/../lib/gcc/arm-none-eabi/13.3.1/../../../../arm-none-eabi/lib/thumb/v6-m/nofp/libg.a(libc_a-mallocr.o)
                0x2000188c                __malloc_top_pad
 .bss.__sf      0x20001890      0x138 /home/daniel-oliveira/.pico-sdk/toolchain/13_3_Rel1/bin/../lib/gcc/arm-none-eabi/13.3.1/../../../../arm-none-eabi/lib/thumb/v6-m/nofp/libg.a(libc_a-findfp.o)
                0x20001890                __sf
 .bss._app_driver
                0x200019c8        0x4 CMakeFiles/user_input.dir/home/daniel-oliveira/.pico-sdk/sdk/2.1.0/lib/tinyusb/src/device/usbd.c.o
 .bss._cdcd_fifo_cfg